Component: ARM Compiler 5.06 update 4 (build 422) Tool: armlink [4d35d2]

==============================================================================

Section Cross References

    startup_stm32f411xe.o(STACK) refers (Special) to heapauxi.o(.text) for __use_two_region_memory
    startup_stm32f411xe.o(HEAP) refers (Special) to heapauxi.o(.text) for __use_two_region_memory
    startup_stm32f411xe.o(RESET) refers (Special) to heapauxi.o(.text) for __use_two_region_memory
    startup_stm32f411xe.o(RESET) refers to startup_stm32f411xe.o(STACK) for __initial_sp
    startup_stm32f411xe.o(RESET) refers to startup_stm32f411xe.o(.text) for Reset_Handler
    startup_stm32f411xe.o(RESET) refers to stm32f4xx_it.o(i.NMI_Handler) for NMI_Handler
    startup_stm32f411xe.o(RESET) refers to stm32f4xx_it.o(i.HardFault_Handler) for HardFault_Handler
    startup_stm32f411xe.o(RESET) refers to stm32f4xx_it.o(i.MemManage_Handler) for MemManage_Handler
    startup_stm32f411xe.o(RESET) refers to stm32f4xx_it.o(i.BusFault_Handler) for BusFault_Handler
    startup_stm32f411xe.o(RESET) refers to stm32f4xx_it.o(i.UsageFault_Handler) for UsageFault_Handler
    startup_stm32f411xe.o(RESET) refers to stm32f4xx_it.o(i.SVC_Handler) for SVC_Handler
    startup_stm32f411xe.o(RESET) refers to stm32f4xx_it.o(i.DebugMon_Handler) for DebugMon_Handler
    startup_stm32f411xe.o(RESET) refers to stm32f4xx_it.o(i.PendSV_Handler) for PendSV_Handler
    startup_stm32f411xe.o(RESET) refers to stm32f4xx_it.o(i.SysTick_Handler) for SysTick_Handler
    startup_stm32f411xe.o(RESET) refers to stm32f4xx_it.o(i.SPI1_IRQHandler) for SPI1_IRQHandler
    startup_stm32f411xe.o(RESET) refers to stm32f4xx_it.o(i.DMA2_Stream2_IRQHandler) for DMA2_Stream2_IRQHandler
    startup_stm32f411xe.o(RESET) refers to stm32f4xx_it.o(i.OTG_FS_IRQHandler) for OTG_FS_IRQHandler
    startup_stm32f411xe.o(.text) refers (Special) to heapauxi.o(.text) for __use_two_region_memory
    startup_stm32f411xe.o(.text) refers to system_stm32f4xx.o(i.SystemInit) for SystemInit
    startup_stm32f411xe.o(.text) refers to __main.o(!!!main) for __main
    startup_stm32f411xe.o(.text) refers to startup_stm32f411xe.o(HEAP) for Heap_Mem
    startup_stm32f411xe.o(.text) refers to startup_stm32f411xe.o(STACK) for Stack_Mem
    main.o(i.SystemClock_Config) refers to rt_memclr_w.o(.text) for __aeabi_memclr4
    main.o(i.SystemClock_Config) refers to stm32f4xx_hal_rcc.o(i.HAL_RCC_OscConfig) for HAL_RCC_OscConfig
    main.o(i.SystemClock_Config) refers to main.o(i.Error_Handler) for Error_Handler
    main.o(i.SystemClock_Config) refers to stm32f4xx_hal_rcc.o(i.HAL_RCC_ClockConfig) for HAL_RCC_ClockConfig
    main.o(i.main) refers to _printf_percent.o(.ARM.Collect$$_printf_percent$$00000000) for _printf_percent
    main.o(i.main) refers to _printf_d.o(.ARM.Collect$$_printf_percent$$00000009) for _printf_d
    main.o(i.main) refers to _printf_u.o(.ARM.Collect$$_printf_percent$$0000000A) for _printf_u
    main.o(i.main) refers to _printf_s.o(.ARM.Collect$$_printf_percent$$00000014) for _printf_s
    main.o(i.main) refers to _printf_dec.o(.text) for _printf_int_dec
    main.o(i.main) refers to _printf_str.o(.text) for _printf_str
    main.o(i.main) refers to stm32f4xx_hal.o(i.HAL_Init) for HAL_Init
    main.o(i.main) refers to main.o(i.SystemClock_Config) for SystemClock_Config
    main.o(i.main) refers to gpio.o(i.MX_GPIO_Init) for MX_GPIO_Init
    main.o(i.main) refers to dma.o(i.MX_DMA_Init) for MX_DMA_Init
    main.o(i.main) refers to usb_device.o(i.MX_USB_DEVICE_Init) for MX_USB_DEVICE_Init
    main.o(i.main) refers to spi.o(i.MX_SPI1_Init) for MX_SPI1_Init
    main.o(i.main) refers to tim.o(i.MX_TIM2_Init) for MX_TIM2_Init
    main.o(i.main) refers to module_auto_init.o(i.auto_initcalls) for auto_initcalls
    main.o(i.main) refers to stm32f4xx_hal.o(i.HAL_GetTick) for HAL_GetTick
    main.o(i.main) refers to key_fsm.o(i.KEY_FSM_Run) for KEY_FSM_Run
    main.o(i.main) refers to led_fsm.o(i.LED_FSM_Run) for LED_FSM_Run
    main.o(i.main) refers to touch.o(i.CST816_Scan) for CST816_Scan
    main.o(i.main) refers to spi_lcd.o(i.LCD_Clear) for LCD_Clear
    main.o(i.main) refers to led_fsm.o(i.LED_FSM_SetToggleEvent) for LED_FSM_SetToggleEvent
    main.o(i.main) refers to strrchr.o(.text) for strrchr
    main.o(i.main) refers to noretval__2printf.o(.text) for __2printf
    main.o(i.main) refers to main.o(.constdata) for .constdata
    main.o(i.main) refers to key_fsm.o(.bss) for key_fsm
    main.o(i.main) refers to led_fsm.o(.bss) for led_blue_fsm
    main.o(i.main) refers to touch.o(.bss) for TPR_Structure
    main.o(i.main) refers to main.o(.data) for i
    gpio.o(i.MX_GPIO_Init) refers to rt_memclr_w.o(.text) for __aeabi_memclr4
    gpio.o(i.MX_GPIO_Init) refers to stm32f4xx_hal_gpio.o(i.HAL_GPIO_WritePin) for HAL_GPIO_WritePin
    gpio.o(i.MX_GPIO_Init) refers to stm32f4xx_hal_gpio.o(i.HAL_GPIO_Init) for HAL_GPIO_Init
[...]
    ADC_IRQHandler                           0x080002ab   Thumb Code     0  startup_stm32f411xe.o(.text)
    DMA1_Stream0_IRQHandler                  0x080002ab   Thumb Code     0  startup_stm32f411xe.o(.text)
    DMA1_Stream1_IRQHandler                  0x080002ab   Thumb Code     0  startup_stm32f411xe.o(.text)
    DMA1_Stream2_IRQHandler                  0x080002ab   Thumb Code     0  startup_stm32f411xe.o(.text)
    DMA1_Stream3_IRQHandler                  0x080002ab   Thumb Code     0  startup_stm32f411xe.o(.text)
    DMA1_Stream4_IRQHandler                  0x080002ab   Thumb Code     0  startup_stm32f411xe.o(.text)
    DMA1_Stream5_IRQHandler                  0x080002ab   Thumb Code     0  startup_stm32f411xe.o(.text)
    DMA1_Stream6_IRQHandler                  0x080002ab   Thumb Code     0  startup_stm32f411xe.o(.text)
    DMA1_Stream7_IRQHandler                  0x080002ab   Thumb Code     0  startup_stm32f411xe.o(.text)
    DMA2_Stream0_IRQHandler                  0x080002ab   Thumb Code     0  startup_stm32f411xe.o(.text)
    DMA2_Stream1_IRQHandler                  0x080002ab   Thumb Code     0  startup_stm32f411xe.o(.text)
    DMA2_Stream3_IRQHandler                  0x080002ab   Thumb Code     0  startup_stm32f411xe.o(.text)
    DMA2_Stream4_IRQHandler                  0x080002ab   Thumb Code     0  startup_stm32f411xe.o(.text)
    DMA2_Stream5_IRQHandler                  0x080002ab   Thumb Code     0  startup_stm32f411xe.o(.text)
    DMA2_Stream6_IRQHandler                  0x080002ab   Thumb Code     0  startup_stm32f411xe.o(.text)
    DMA2_Stream7_IRQHandler                  0x080002ab   Thumb Code     0  startup_stm32f411xe.o(.text)
    EXTI0_IRQHandler                         0x080002ab   Thumb Code     0  startup_stm32f411xe.o(.text)
    EXTI15_10_IRQHandler                     0x080002ab   Thumb Code     0  startup_stm32f411xe.o(.text)
    EXTI1_IRQHandler                         0x080002ab   Thumb Code     0  startup_stm32f411xe.o(.text)
    EXTI2_IRQHandler                         0x080002ab   Thumb Code     0  startup_stm32f411xe.o(.text)
    EXTI3_IRQHandler                         0x080002ab   Thumb Code     0  startup_stm32f411xe.o(.text)
    EXTI4_IRQHandler                         0x080002ab   Thumb Code     0  startup_stm32f411xe.o(.text)
    EXTI9_5_IRQHandler                       0x080002ab   Thumb Code     0  startup_stm32f411xe.o(.text)
    FLASH_IRQHandler                         0x080002ab   Thumb Code     0  startup_stm32f411xe.o(.text)
    FPU_IRQHandler                           0x080002ab   Thumb Code     0  startup_stm32f411xe.o(.text)
    I2C1_ER_IRQHandler                       0x080002ab   Thumb Code     0  startup_stm32f411xe.o(.text)
    I2C1_EV_IRQHandler                       0x080002ab   Thumb Code     0  startup_stm32f411xe.o(.text)
    I2C2_ER_IRQHandler                       0x080002ab   Thumb Code     0  startup_stm32f411xe.o(.text)
    I2C2_EV_IRQHandler                       0x080002ab   Thumb Code     0  startup_stm32f411xe.o(.text)
    I2C3_ER_IRQHandler                       0x080002ab   Thumb Code     0  startup_stm32f411xe.o(.text)
    I2C3_EV_IRQHandler                       0x080002ab   Thumb Code     0  startup_stm32f411xe.o(.text)
    OTG_FS_WKUP_IRQHandler                   0x080002ab   Thumb Code     0  startup_stm32f411xe.o(.text)
    PVD_IRQHandler                           0x080002ab   Thumb Code     0  startup_stm32f411xe.o(.text)
    RCC_IRQHandler                           0x080002ab   Thumb Code     0  startup_stm32f411xe.o(.text)
    RTC_Alarm_IRQHandler                     0x080002ab   Thumb Code     0  startup_stm32f411xe.o(.text)
    RTC_WKUP_IRQHandler                      0x080002ab   Thumb Code     0  startup_stm32f411xe.o(.text)
    SDIO_IRQHandler                          0x080002ab   Thumb Code     0  startup_stm32f411xe.o(.text)
    SPI2_IRQHandler                          0x080002ab   Thumb Code     0  startup_stm32f411xe.o(.text)
    SPI3_IRQHandler                          0x080002ab   Thumb Code     0  startup_stm32f411xe.o(.text)
    SPI4_IRQHandler                          0x080002ab   Thumb Code     0  startup_stm32f411xe.o(.text)
    SPI5_IRQHandler                          0x080002ab   Thumb Code     0  startup_stm32f411xe.o(.text)
    TAMP_STAMP_IRQHandler                    0x080002ab   Thumb Code     0  startup_stm32f411xe.o(.text)
    TIM1_BRK_TIM9_IRQHandler                 0x080002ab   Thumb Code     0  startup_stm32f411xe.o(.text)
    TIM1_CC_IRQHandler                       0x080002ab   Thumb Code     0  startup_stm32f411xe.o(.text)
    TIM1_TRG_COM_TIM11_IRQHandler            0x080002ab   Thumb Code     0  startup_stm32f411xe.o(.text)
    TIM1_UP_TIM10_IRQHandler                 0x080002ab   Thumb Code     0  startup_stm32f411xe.o(.text)
    TIM2_IRQHandler                          0x080002ab   Thumb Code     0  startup_stm32f411xe.o(.text)
    TIM3_IRQHandler                          0x080002ab   Thumb Code     0  startup_stm32f411xe.o(.text)
    TIM4_IRQHandler                          0x080002ab   Thumb Code     0  startup_stm32f411xe.o(.text)
    TIM5_IRQHandler                          0x080002ab   Thumb Code     0  startup_stm32f411xe.o(.text)
    USART1_IRQHandler                        0x080002ab   Thumb Code     0  startup_stm32f411xe.o(.text)
    USART2_IRQHandler                        0x080002ab   Thumb Code     0  startup_stm32f411xe.o(.text)
    USART6_IRQHandler                        0x080002ab   Thumb Code     0  startup_stm32f411xe.o(.text)
    WWDG_IRQHandler                          0x080002ab   Thumb Code     0  startup_stm32f411xe.o(.text)
    __user_initial_stackheap                 0x080002ad   Thumb Code     0  startup_stm32f411xe.o(.text)
    __use_no_semihosting                     0x080002d1   Thumb Code     2  use_no_semi_2.o(.text)
    __aeabi_uldivmod                         0x080002d3   Thumb Code     0  lludivv7m.o(.text)
    _ll_udiv                                 0x080002d3   Thumb Code   238  lludivv7m.o(.text)
    __2printf                                0x080003c1   Thumb Code    20  noretval__2printf.o(.text)
    __printf                                 0x080003d9   Thumb Code   104  __printf.o(.text)
    _printf_str                              0x08000441   Thumb Code    82  _printf_str.o(.text)
    _printf_int_dec                          0x08000495   Thumb Code   104  _printf_dec.o(.text)
    strrchr                                  0x0800050d   Thumb Code    22  strrchr.o(.text)
    __aeabi_memcpy4                          0x08000523   Thumb Code     0  rt_memcpy_w.o(.text)
    __aeabi_memcpy8                          0x08000523   Thumb Code     0  rt_memcpy_w.o(.text)
    __rt_memcpy_w                            0x08000523   Thumb Code   100  rt_memcpy_w.o(.text)
    _memcpy_lastbytes_aligned                0x0800056b   Thumb Code     0  rt_memcpy_w.o(.text)
    __aeabi_memclr4                          0x08000587   Thumb Code     0  rt_memclr_w.o(.text)
    __aeabi_memclr8                          0x08000587   Thumb Code     0  rt_memclr_w.o(.text)
    __rt_memclr_w                            0x08000587   Thumb Code    78  rt_memclr_w.o(.text)
    _memset_w                                0x0800058b   Thumb Code     0  rt_memclr_w.o(.text)
    __use_two_region_memory                  0x080005d5   Thumb Code     2  heapauxi.o(.text)
    __rt_heap_escrow$2region                 0x080005d7   Thumb Code     2  heapauxi.o(.text)
    __rt_heap_expand$2region                 0x080005d9   Thumb Code     2  heapauxi.o(.text)
    __I$use$semihosting                      0x080005db   Thumb Code     0  use_no_semi.o(.text)
    __use_no_semihosting_swi                 0x080005db   Thumb Code     2  use_no_semi.o(.text)
    _printf_int_common                       0x080005dd   Thumb Code   178  _printf_intcommon.o(.text)
    _printf_cs_common                        0x0800068f   Thumb Code    20  _printf_char.o(.text)
    _printf_char                             0x080006a3   Thumb Code    16  _printf_char.o(.text)
    _printf_string                           0x080006b3   Thumb Code     8  _printf_char.o(.text)
    _printf_char_file                        0x080006bd   Thumb Code    32  _printf_char_file.o(.text)
    _printf_char_common                      0x080006eb   Thumb Code    32  _printf_char_common.o(.text)
    ferror                                   0x08000711   Thumb Code     8  ferror.o(.text)
    __user_setup_stackheap                   0x08000719   Thumb Code    74  sys_stackheap_outer.o(.text)
    exit                                     0x08000763   Thumb Code    18  exit.o(.text)
    __user_libspace                          0x08000775   Thumb Code     8  libspace.o(.text)
    __user_perproc_libspace                  0x08000775   Thumb Code     0  libspace.o(.text)
    __user_perthread_libspace                0x08000775   Thumb Code     0  libspace.o(.text)
    BusFault_Handler                         0x0800077d   Thumb Code     4  stm32f4xx_it.o(i.BusFault_Handler)
    CDC_Transmit_FS                          0x080007cd   Thumb Code    40  usbd_cdc_if.o(i.CDC_Transmit_FS)
    CST816_Init                              0x080007f9   Thumb Code   120  touch.o(i.CST816_Init)
    CST816_RD_Reg                            0x08000875   Thumb Code    82  touch.o(i.CST816_RD_Reg)
    CST816_Scan                              0x080008c9   Thumb Code   202  touch.o(i.CST816_Scan)
    CST816_WR_Reg                            0x0800099d   Thumb Code    82  touch.o(i.CST816_WR_Reg)
    DMA2_Stream2_IRQHandler                  0x080009f1   Thumb Code    10  stm32f4xx_it.o(i.DMA2_Stream2_IRQHandler)
    DebugMon_Handler                         0x08000b0b   Thumb Code     2  stm32f4xx_it.o(i.DebugMon_Handler)
    Error_Handler                            0x08000b0d   Thumb Code     6  main.o(i.Error_Handler)
    HAL_DMA_Abort_IT                         0x08000b4d   Thumb Code    40  stm32f4xx_hal_dma.o(i.HAL_DMA_Abort_IT)
    HAL_DMA_IRQHandler                       0x08000b75   Thumb Code   570  stm32f4xx_hal_dma.o(i.HAL_DMA_IRQHandler)
    HAL_DMA_Init                             0x08000db5   Thumb Code   232  stm32f4xx_hal_dma.o(i.HAL_DMA_Init)
    HAL_DMA_Start_IT                         0x08000ea1   Thumb Code   146  stm32f4xx_hal_dma.o(i.HAL_DMA_Start_IT)
    HAL_Delay                                0x08000f35   Thumb Code    36  stm32f4xx_hal.o(i.HAL_Delay)
    HAL_GPIO_Init                            0x08000f5d   Thumb Code   424  stm32f4xx_hal_gpio.o(i.HAL_GPIO_Init)
    HAL_GPIO_ReadPin                         0x08001125   Thumb Code    16  stm32f4xx_hal_gpio.o(i.HAL_GPIO_ReadPin)
    HAL_GPIO_WritePin                        0x08001135   Thumb Code    12  stm32f4xx_hal_gpio.o(i.HAL_GPIO_WritePin)
    HAL_GetTick                              0x08001141   Thumb Code     6  stm32f4xx_hal.o(i.HAL_GetTick)
    HAL_IncTick                              0x0800114d   Thumb Code    16  stm32f4xx_hal.o(i.HAL_IncTick)
    HAL_Init                                 0x08001165   Thumb Code    54  stm32f4xx_hal.o(i.HAL_Init)
    HAL_InitTick                             0x080011a1   Thumb Code    64  stm32f4xx_hal.o(i.HAL_InitTick)
    HAL_MspInit                              0x080011ed   Thumb Code    68  stm32f4xx_hal_msp.o(i.HAL_MspInit)
    HAL_NVIC_EnableIRQ                       0x08001235   Thumb Code    40  stm32f4xx_hal_cortex.o(i.HAL_NVIC_EnableIRQ)
    HAL_NVIC_SetPriority                     0x0800125d   Thumb Code   124  stm32f4xx_hal_cortex.o(i.HAL_NVIC_SetPriority)
    HAL_NVIC_SetPriorityGrouping             0x080012d9   Thumb Code    32  stm32f4xx_hal_cortex.o(i.HAL_NVIC_SetPriorityGrouping)
    HAL_PCDEx_LPM_Callback                   0x08001301   Thumb Code     2  stm32f4xx_hal_pcd_ex.o(i.HAL_PCDEx_LPM_Callback)
    HAL_PCDEx_SetRxFiFo                      0x08001303   Thumb Code    10  stm32f4xx_hal_pcd_ex.o(i.HAL_PCDEx_SetRxFiFo)
    HAL_PCDEx_SetTxFiFo                      0x0800130d   Thumb Code    78  stm32f4xx_hal_pcd_ex.o(i.HAL_PCDEx_SetTxFiFo)
    HAL_PCD_ConnectCallback                  0x0800135b   Thumb Code     8  usbd_conf.o(i.HAL_PCD_ConnectCallback)
    HAL_PCD_DataInStageCallback              0x08001363   Thumb Code    18  usbd_conf.o(i.HAL_PCD_DataInStageCallback)
    HAL_PCD_DataOutStageCallback             0x08001375   Thumb Code    20  usbd_conf.o(i.HAL_PCD_DataOutStageCallback)
    HAL_PCD_DisconnectCallback               0x08001389   Thumb Code     8  usbd_conf.o(i.HAL_PCD_DisconnectCallback)
    HAL_PCD_EP_Abort                         0x08001391   Thumb Code    66  stm32f4xx_hal_pcd.o(i.HAL_PCD_EP_Abort)
    HAL_PCD_EP_Close                         0x080013d3   Thumb Code   106  stm32f4xx_hal_pcd.o(i.HAL_PCD_EP_Close)
    HAL_PCD_EP_ClrStall                      0x0800143d   Thumb Code   124  stm32f4xx_hal_pcd.o(i.HAL_PCD_EP_ClrStall)
    HAL_PCD_EP_GetRxCount                    0x080014b9   Thumb Code    22  stm32f4xx_hal_pcd.o(i.HAL_PCD_EP_GetRxCount)
    HAL_PCD_EP_Open                          0x080014cf   Thumb Code   142  stm32f4xx_hal_pcd.o(i.HAL_PCD_EP_Open)
    HAL_PCD_EP_Receive                       0x0800155d   Thumb Code    70  stm32f4xx_hal_pcd.o(i.HAL_PCD_EP_Receive)
    HAL_PCD_EP_SetStall                      0x080015a3   Thumb Code   138  stm32f4xx_hal_pcd.o(i.HAL_PCD_EP_SetStall)
    HAL_PCD_EP_Transmit                      0x0800162d   Thumb Code    72  stm32f4xx_hal_pcd.o(i.HAL_PCD_EP_Transmit)
    HAL_PCD_IRQHandler                       0x08001675   Thumb Code  1738  stm32f4xx_hal_pcd.o(i.HAL_PCD_IRQHandler)
    HAL_PCD_ISOINIncompleteCallback          0x08001d3f   Thumb Code     8  usbd_conf.o(i.HAL_PCD_ISOINIncompleteCallback)
    HAL_PCD_ISOOUTIncompleteCallback         0x08001d47   Thumb Code     8  usbd_conf.o(i.HAL_PCD_ISOOUTIncompleteCallback)
    HAL_PCD_Init                             0x08001d4f   Thumb Code   350  stm32f4xx_hal_pcd.o(i.HAL_PCD_Init)
    HAL_PCD_MspInit                          0x08001ead   Thumb Code   116  usbd_conf.o(i.HAL_PCD_MspInit)
    HAL_PCD_ResetCallback                    0x08001f31   Thumb Code    38  usbd_conf.o(i.HAL_PCD_ResetCallback)
    HAL_PCD_ResumeCallback                   0x08001f57   Thumb Code     8  usbd_conf.o(i.HAL_PCD_ResumeCallback)
    HAL_PCD_SOFCallback                      0x08001f5f   Thumb Code     8  usbd_conf.o(i.HAL_PCD_SOFCallback)
    HAL_PCD_SetAddress                       0x08001f67   Thumb Code    52  stm32f4xx_hal_pcd.o(i.HAL_PCD_SetAddress)
    HAL_PCD_SetupStageCallback               0x08001f9b   Thumb Code    14  usbd_conf.o(i.HAL_PCD_SetupStageCallback)
    HAL_PCD_Start                            0x08001fa9   Thumb Code    76  stm32f4xx_hal_pcd.o(i.HAL_PCD_Start)
    HAL_PCD_SuspendCallback                  0x08001ff5   Thumb Code    44  usbd_conf.o(i.HAL_PCD_SuspendCallback)
    HAL_RCC_ClockConfig                      0x08002025   Thumb Code   368  stm32f4xx_hal_rcc.o(i.HAL_RCC_ClockConfig)
    HAL_RCC_GetHCLKFreq                      0x080021a9   Thumb Code     6  stm32f4xx_hal_rcc.o(i.HAL_RCC_GetHCLKFreq)
    HAL_RCC_GetSysClockFreq                  0x080021b5   Thumb Code   162  stm32f4xx_hal_rcc.o(i.HAL_RCC_GetSysClockFreq)
    HAL_RCC_OscConfig                        0x08002265   Thumb Code  1172  stm32f4xx_hal_rcc.o(i.HAL_RCC_OscConfig)
    HAL_SPI_ErrorCallback                    0x08002701   Thumb Code    20  spi_it.o(i.HAL_SPI_ErrorCallback)
    HAL_SPI_IRQHandler                       0x08002715   Thumb Code   342  stm32f4xx_hal_spi.o(i.HAL_SPI_IRQHandler)
    HAL_SPI_Init                             0x08002871   Thumb Code   200  stm32f4xx_hal_spi.o(i.HAL_SPI_Init)
    HAL_SPI_MspInit                          0x08002939   Thumb Code   198  spi.o(i.HAL_SPI_MspInit)
    HAL_SPI_Transmit_DMA                     0x08002a15   Thumb Code   238  stm32f4xx_hal_spi.o(i.HAL_SPI_Transmit_DMA)
    HAL_SPI_TxCpltCallback                   0x08002b11   Thumb Code    20  spi_it.o(i.HAL_SPI_TxCpltCallback)
    HAL_SPI_TxHalfCpltCallback               0x08002b25   Thumb Code     2  stm32f4xx_hal_spi.o(i.HAL_SPI_TxHalfCpltCallback)
    HAL_SYSTICK_Config                       0x08002b27   Thumb Code    52  stm32f4xx_hal_cortex.o(i.HAL_SYSTICK_Config)
    HAL_TIMEx_MasterConfigSynchronization    0x08002b5d   Thumb Code   134  stm32f4xx_hal_tim_ex.o(i.HAL_TIMEx_MasterConfigSynchronization)
    HAL_TIM_Base_Init                        0x08002bf9   Thumb Code   102  stm32f4xx_hal_tim.o(i.HAL_TIM_Base_Init)
    HAL_TIM_Base_MspInit                     0x08002c61   Thumb Code    44  tim.o(i.HAL_TIM_Base_MspInit)
    HAL_TIM_ConfigClockSource                0x08002c91   Thumb Code   268  stm32f4xx_hal_tim.o(i.HAL_TIM_ConfigClockSource)
    HAL_TIM_MspPostInit                      0x08002d9d   Thumb Code    84  tim.o(i.HAL_TIM_MspPostInit)
    HAL_TIM_PWM_ConfigChannel                0x08002df9   Thumb Code   260  stm32f4xx_hal_tim.o(i.HAL_TIM_PWM_ConfigChannel)
    HAL_TIM_PWM_Init                         0x08002efd   Thumb Code   102  stm32f4xx_hal_tim.o(i.HAL_TIM_PWM_Init)
    HAL_TIM_PWM_MspInit                      0x08002f63   Thumb Code     2  stm32f4xx_hal_tim.o(i.HAL_TIM_PWM_MspInit)
    HAL_TIM_PWM_Start                        0x08002f65   Thumb Code   214  stm32f4xx_hal_tim.o(i.HAL_TIM_PWM_Start)
    HardFault_Handler                        0x08003051   Thumb Code     4  stm32f4xx_it.o(i.HardFault_Handler)
    KEY_FSM_Init                             0x08003093   Thumb Code    62  key_fsm.o(i.KEY_FSM_Init)
    KEY_FSM_Run                              0x080030d1   Thumb Code   210  key_fsm.o(i.KEY_FSM_Run)
    Key_GetState                             0x080031a5   Thumb Code    86  key.o(i.Key_GetState)
    Key_Init                                 0x08003201   Thumb Code    14  key.o(i.Key_Init)
    LCD_Address_Set                          0x08003211   Thumb Code    78  spi_lcd.o(i.LCD_Address_Set)
    LCD_Clear                                0x08003265   Thumb Code   104  spi_lcd.o(i.LCD_Clear)
    LCD_WR_DATA                              0x080032d9   Thumb Code    32  spi_lcd.o(i.LCD_WR_DATA)
    LCD_WR_DATA8                             0x08003305   Thumb Code    24  spi_lcd.o(i.LCD_WR_DATA8)
    LCD_WR_REG                               0x08003325   Thumb Code    24  spi_lcd.o(i.LCD_WR_REG)
    LED_FSM_Init                             0x08003345   Thumb Code    46  led_fsm.o(i.LED_FSM_Init)
    LED_FSM_Run                              0x08003373   Thumb Code   206  led_fsm.o(i.LED_FSM_Run)
    LED_FSM_SetOFFEvent                      0x08003441   Thumb Code    16  led_fsm.o(i.LED_FSM_SetOFFEvent)
    LED_FSM_SetToggleEvent                   0x08003451   Thumb Code    12  led_fsm.o(i.LED_FSM_SetToggleEvent)
    LED_Init                                 0x0800345d   Thumb Code    24  led.o(i.LED_Init)
    LED_SetState                             0x08003475   Thumb Code    72  led.o(i.LED_SetState)
    Lcd_Init                                 0x080034c1   Thumb Code  1292  spi_lcd.o(i.Lcd_Init)
    MX_DMA_Init                              0x080039d1   Thumb Code    52  dma.o(i.MX_DMA_Init)
    MX_GPIO_Init                             0x08003a09   Thumb Code   274  gpio.o(i.MX_GPIO_Init)
    MX_SPI1_Init                             0x08003b2d   Thumb Code    58  spi.o(i.MX_SPI1_Init)
    MX_TIM2_Init                             0x08003b71   Thumb Code   156  tim.o(i.MX_TIM2_Init)
    MX_USB_DEVICE_Init                       0x08003c11   Thumb Code    66  usb_device.o(i.MX_USB_DEVICE_Init)
    MemManage_Handler                        0x08003c65   Thumb Code     4  stm32f4xx_it.o(i.MemManage_Handler)
    NMI_Handler                              0x08003c69   Thumb Code     4  stm32f4xx_it.o(i.NMI_Handler)
    OTG_FS_IRQHandler                        0x08003c6d   Thumb Code    10  stm32f4xx_it.o(i.OTG_FS_IRQHandler)
    PendSV_Handler                           0x08003edb   Thumb Code     2  stm32f4xx_it.o(i.PendSV_Handler)
    SPI1_IRQHandler                          0x08003edd   Thumb Code    10  stm32f4xx_it.o(i.SPI1_IRQHandler)
    SPI_Register                             0x08004041   Thumb Code    32  spi_it.o(i.SPI_Register)
    SPI_WriteDMA                             0x08004141   Thumb Code    38  spi_it.o(i.SPI_WriteDMA)
    SVC_Handler                              0x08004167   Thumb Code     2  stm32f4xx_it.o(i.SVC_Handler)
    SysTick_Handler                          0x08004169   Thumb Code     8  stm32f4xx_it.o(i.SysTick_Handler)
    SystemClock_Config                       0x08004171   Thumb Code   168  main.o(i.SystemClock_Config)
    SystemInit                               0x08004221   Thumb Code    14  system_stm32f4xx.o(i.SystemInit)
    TIM_Base_SetConfig                       0x08004235   Thumb Code   142  stm32f4xx_hal_tim.o(i.TIM_Base_SetConfig)
    TIM_CCxChannelCmd                        0x080042e1   Thumb Code    34  stm32f4xx_hal_tim.o(i.TIM_CCxChannelCmd)
    TIM_ETR_SetConfig                        0x08004303   Thumb Code    22  stm32f4xx_hal_tim.o(i.TIM_ETR_SetConfig)
    TIM_OC2_SetConfig                        0x0800438d   Thumb Code   100  stm32f4xx_hal_tim.o(i.TIM_OC2_SetConfig)
    TOUCH_IIC_Ack                            0x080044f5   Thumb Code    66  touch_iic.o(i.TOUCH_IIC_Ack)
    TOUCH_IIC_Init                           0x0800453d   Thumb Code    24  touch_iic.o(i.TOUCH_IIC_Init)
    TOUCH_IIC_NAck                           0x08004559   Thumb Code    66  touch_iic.o(i.TOUCH_IIC_NAck)
    TOUCH_IIC_Read_Byte                      0x080045a1   Thumb Code    88  touch_iic.o(i.TOUCH_IIC_Read_Byte)
    TOUCH_IIC_Send_Byte                      0x080045fd   Thumb Code   100  touch_iic.o(i.TOUCH_IIC_Send_Byte)
    TOUCH_IIC_Start                          0x08004665   Thumb Code    60  touch_iic.o(i.TOUCH_IIC_Start)
    TOUCH_IIC_Stop                           0x080046a5   Thumb Code    50  touch_iic.o(i.TOUCH_IIC_Stop)
    TOUCH_IIC_Wait_Ack                       0x080046dd   Thumb Code    84  touch_iic.o(i.TOUCH_IIC_Wait_Ack)
    TOUCH_SDA_IN                             0x08004735   Thumb Code    36  touch_iic.o(i.TOUCH_SDA_IN)
    TOUCH_SDA_OUT                            0x0800475d   Thumb Code    34  touch_iic.o(i.TOUCH_SDA_OUT)
    USBD_CDC_GetDeviceQualifierDescriptor    0x0800490d   Thumb Code     8  usbd_cdc.o(i.USBD_CDC_GetDeviceQualifierDescriptor)
    USBD_CDC_ReceivePacket                   0x08004b35   Thumb Code    66  usbd_cdc.o(i.USBD_CDC_ReceivePacket)
    USBD_CDC_RegisterInterface               0x08004b7d   Thumb Code    24  usbd_cdc.o(i.USBD_CDC_RegisterInterface)
    USBD_CDC_SetRxBuffer                     0x08004b95   Thumb Code    28  usbd_cdc.o(i.USBD_CDC_SetRxBuffer)
    USBD_CDC_SetTxBuffer                     0x08004bb1   Thumb Code    32  usbd_cdc.o(i.USBD_CDC_SetTxBuffer)
    USBD_CDC_TransmitPacket                  0x08004ce1   Thumb Code    80  usbd_cdc.o(i.USBD_CDC_TransmitPacket)
    USBD_ClrClassConfig                      0x08004d35   Thumb Code    20  usbd_core.o(i.USBD_ClrClassConfig)
    USBD_CoreFindEP                          0x08004d6f   Thumb Code     4  usbd_core.o(i.USBD_CoreFindEP)
    USBD_CoreFindIF                          0x08004d73   Thumb Code     4  usbd_core.o(i.USBD_CoreFindIF)
    USBD_CtlContinueRx                       0x08004d77   Thumb Code    16  usbd_ioreq.o(i.USBD_CtlContinueRx)
    USBD_CtlContinueSendData                 0x08004d87   Thumb Code    16  usbd_ioreq.o(i.USBD_CtlContinueSendData)
    USBD_CtlError                            0x08004d97   Thumb Code    24  usbd_ctlreq.o(i.USBD_CtlError)
    USBD_CtlPrepareRx                        0x08004daf   Thumb Code    34  usbd_ioreq.o(i.USBD_CtlPrepareRx)
    USBD_CtlReceiveStatus                    0x08004dd1   Thumb Code    22  usbd_ioreq.o(i.USBD_CtlReceiveStatus)
    USBD_CtlSendData                         0x08004de7   Thumb Code    28  usbd_ioreq.o(i.USBD_CtlSendData)
    USBD_CtlSendStatus                       0x08004e03   Thumb Code    22  usbd_ioreq.o(i.USBD_CtlSendStatus)
    USBD_FS_ConfigStrDescriptor              0x08004e19   Thumb Code    32  usbd_desc.o(i.USBD_FS_ConfigStrDescriptor)
    USBD_FS_DeviceDescriptor                 0x08004e49   Thumb Code     8  usbd_desc.o(i.USBD_FS_DeviceDescriptor)
    USBD_FS_InterfaceStrDescriptor           0x08004e55   Thumb Code    32  usbd_desc.o(i.USBD_FS_InterfaceStrDescriptor)
    USBD_FS_LangIDStrDescriptor              0x08004e89   Thumb Code     8  usbd_desc.o(i.USBD_FS_LangIDStrDescriptor)
    USBD_FS_ManufacturerStrDescriptor        0x08004e95   Thumb Code    16  usbd_desc.o(i.USBD_FS_ManufacturerStrDescriptor)
    USBD_FS_ProductStrDescriptor             0x08004ebd   Thumb Code    32  usbd_desc.o(i.USBD_FS_ProductStrDescriptor)
    USBD_FS_SerialStrDescriptor              0x08004ef9   Thumb Code    14  usbd_desc.o(i.USBD_FS_SerialStrDescriptor)
    USBD_GetEpDesc                           0x080050f5   Thumb Code    60  usbd_core.o(i.USBD_GetEpDesc)
    USBD_GetNextDesc                         0x08005149   Thumb Code    14  usbd_core.o(i.USBD_GetNextDesc)
    USBD_GetString                           0x0800518d   Thumb Code    88  usbd_ctlreq.o(i.USBD_GetString)
    USBD_Get_USB_Status                      0x080051e5   Thumb Code    36  usbd_conf.o(i.USBD_Get_USB_Status)
    USBD_Init                                0x08005209   Thumb Code    40  usbd_core.o(i.USBD_Init)
    USBD_LL_ClearStallEP                     0x08005231   Thumb Code    18  usbd_conf.o(i.USBD_LL_ClearStallEP)
    USBD_LL_CloseEP                          0x08005243   Thumb Code    18  usbd_conf.o(i.USBD_LL_CloseEP)
    USBD_LL_DataInStage                      0x08005255   Thumb Code   226  usbd_core.o(i.USBD_LL_DataInStage)
    USBD_LL_DataOutStage                     0x08005337   Thumb Code   208  usbd_core.o(i.USBD_LL_DataOutStage)
    USBD_LL_DevConnected                     0x08005407   Thumb Code     4  usbd_core.o(i.USBD_LL_DevConnected)
    USBD_LL_DevDisconnected                  0x0800540b   Thumb Code    32  usbd_core.o(i.USBD_LL_DevDisconnected)
    USBD_LL_GetRxDataSize                    0x0800542b   Thumb Code     8  usbd_conf.o(i.USBD_LL_GetRxDataSize)
    USBD_LL_Init                             0x08005435   Thumb Code    92  usbd_conf.o(i.USBD_LL_Init)
    USBD_LL_IsStallEP                        0x08005495   Thumb Code    32  usbd_conf.o(i.USBD_LL_IsStallEP)
    USBD_LL_IsoINIncomplete                  0x080054b5   Thumb Code    42  usbd_core.o(i.USBD_LL_IsoINIncomplete)
    USBD_LL_IsoOUTIncomplete                 0x080054df   Thumb Code    42  usbd_core.o(i.USBD_LL_IsoOUTIncomplete)
    USBD_LL_OpenEP                           0x08005509   Thumb Code    24  usbd_conf.o(i.USBD_LL_OpenEP)
    USBD_LL_PrepareReceive                   0x08005521   Thumb Code    18  usbd_conf.o(i.USBD_LL_PrepareReceive)
    USBD_LL_Reset                            0x08005533   Thumb Code    98  usbd_core.o(i.USBD_LL_Reset)
    USBD_LL_Resume                           0x08005595   Thumb Code    20  usbd_core.o(i.USBD_LL_Resume)
    USBD_LL_SOF                              0x080055a9   Thumb Code    26  usbd_core.o(i.USBD_LL_SOF)
    USBD_LL_SetSpeed                         0x080055c3   Thumb Code     6  usbd_core.o(i.USBD_LL_SetSpeed)
    USBD_LL_SetUSBAddress                    0x080055c9   Thumb Code    18  usbd_conf.o(i.USBD_LL_SetUSBAddress)
    USBD_LL_SetupStage                       0x080055db   Thumb Code   100  usbd_core.o(i.USBD_LL_SetupStage)
    USBD_LL_StallEP                          0x0800563f   Thumb Code    18  usbd_conf.o(i.USBD_LL_StallEP)
    USBD_LL_Start                            0x08005651   Thumb Code    18  usbd_conf.o(i.USBD_LL_Start)
    USBD_LL_Suspend                          0x08005663   Thumb Code    26  usbd_core.o(i.USBD_LL_Suspend)
    USBD_LL_Transmit                         0x0800567d   Thumb Code    18  usbd_conf.o(i.USBD_LL_Transmit)
    USBD_ParseSetupRequest                   0x0800568f   Thumb Code    50  usbd_ctlreq.o(i.USBD_ParseSetupRequest)
    USBD_RegisterClass                       0x080056c1   Thumb Code    58  usbd_core.o(i.USBD_RegisterClass)
    USBD_RunTestMode                         0x080056fb   Thumb Code     4  usbd_core.o(i.USBD_RunTestMode)
    USBD_SetClassConfig                      0x08005757   Thumb Code    20  usbd_core.o(i.USBD_SetClassConfig)
    USBD_Start                               0x0800586d   Thumb Code     4  usbd_core.o(i.USBD_Start)
    USBD_StdDevReq                           0x08005871   Thumb Code   118  usbd_ctlreq.o(i.USBD_StdDevReq)
    USBD_StdEPReq                            0x080058e7   Thumb Code   564  usbd_ctlreq.o(i.USBD_StdEPReq)
    USBD_StdItfReq                           0x08005b1b   Thumb Code   142  usbd_ctlreq.o(i.USBD_StdItfReq)
    USBD_static_free                         0x08005ba9   Thumb Code     2  usbd_conf.o(i.USBD_static_free)
    USBD_static_malloc                       0x08005bad   Thumb Code     4  usbd_conf.o(i.USBD_static_malloc)
    USB_ActivateEndpoint                     0x08005bb5   Thumb Code   202  stm32f4xx_ll_usb.o(i.USB_ActivateEndpoint)
    USB_ActivateSetup                        0x08005c85   Thumb Code    40  stm32f4xx_ll_usb.o(i.USB_ActivateSetup)
    USB_CoreInit                             0x08005cad   Thumb Code   136  stm32f4xx_ll_usb.o(i.USB_CoreInit)
    USB_DeactivateEndpoint                   0x08005d9d   Thumb Code   318  stm32f4xx_ll_usb.o(i.USB_DeactivateEndpoint)
    USB_DevConnect                           0x08005ee9   Thumb Code    36  stm32f4xx_ll_usb.o(i.USB_DevConnect)
    USB_DevDisconnect                        0x08005f0d   Thumb Code    36  stm32f4xx_ll_usb.o(i.USB_DevDisconnect)
    USB_DevInit                              0x08005f31   Thumb Code   480  stm32f4xx_ll_usb.o(i.USB_DevInit)
    USB_DisableGlobalInt                     0x08006119   Thumb Code    14  stm32f4xx_ll_usb.o(i.USB_DisableGlobalInt)
    USB_EP0_OutStart                         0x08006129   Thumb Code   106  stm32f4xx_ll_usb.o(i.USB_EP0_OutStart)
    USB_EPClearStall                         0x08006199   Thumb Code   142  stm32f4xx_ll_usb.o(i.USB_EPClearStall)
    USB_EPSetStall                           0x08006227   Thumb Code   154  stm32f4xx_ll_usb.o(i.USB_EPSetStall)
    USB_EPStartXfer                          0x080062c1   Thumb Code   954  stm32f4xx_ll_usb.o(i.USB_EPStartXfer)
    USB_EPStopXfer                           0x08006681   Thumb Code   236  stm32f4xx_ll_usb.o(i.USB_EPStopXfer)
    USB_EnableGlobalInt                      0x0800676d   Thumb Code    14  stm32f4xx_ll_usb.o(i.USB_EnableGlobalInt)
    USB_FlushRxFifo                          0x0800677b   Thumb Code    80  stm32f4xx_ll_usb.o(i.USB_FlushRxFifo)
    USB_FlushTxFifo                          0x080067cb   Thumb Code    84  stm32f4xx_ll_usb.o(i.USB_FlushTxFifo)
    USB_GetDevSpeed                          0x0800681f   Thumb Code    38  stm32f4xx_ll_usb.o(i.USB_GetDevSpeed)
    USB_GetMode                              0x08006845   Thumb Code    10  stm32f4xx_ll_usb.o(i.USB_GetMode)
    USB_ReadDevAllInEpInterrupt              0x0800684f   Thumb Code    20  stm32f4xx_ll_usb.o(i.USB_ReadDevAllInEpInterrupt)
    USB_ReadDevAllOutEpInterrupt             0x08006863   Thumb Code    20  stm32f4xx_ll_usb.o(i.USB_ReadDevAllOutEpInterrupt)
    USB_ReadDevInEPInterrupt                 0x08006877   Thumb Code    50  stm32f4xx_ll_usb.o(i.USB_ReadDevInEPInterrupt)
    USB_ReadDevOutEPInterrupt                0x080068a9   Thumb Code    26  stm32f4xx_ll_usb.o(i.USB_ReadDevOutEPInterrupt)
    USB_ReadInterrupts                       0x080068c3   Thumb Code    10  stm32f4xx_ll_usb.o(i.USB_ReadInterrupts)
    USB_ReadPacket                           0x080068cd   Thumb Code    96  stm32f4xx_ll_usb.o(i.USB_ReadPacket)
    USB_SetCurrentMode                       0x0800692d   Thumb Code   104  stm32f4xx_ll_usb.o(i.USB_SetCurrentMode)
    USB_SetDevAddress                        0x08006995   Thumb Code    42  stm32f4xx_ll_usb.o(i.USB_SetDevAddress)
    USB_SetDevSpeed                          0x080069bf   Thumb Code    18  stm32f4xx_ll_usb.o(i.USB_SetDevSpeed)
    USB_SetTurnaroundTime                    0x080069d1   Thumb Code   192  stm32f4xx_ll_usb.o(i.USB_SetTurnaroundTime)
    USB_WritePacket                          0x08006ab9   Thumb Code    68  stm32f4xx_ll_usb.o(i.USB_WritePacket)
    UsageFault_Handler                       0x08006afd   Thumb Code     4  stm32f4xx_it.o(i.UsageFault_Handler)
    _sys_exit                                0x08006b39   Thumb Code     4  system.o(i._sys_exit)
    auto_initcalls                           0x08006b3d   Thumb Code    40  module_auto_init.o(i.auto_initcalls)
    bsp_key_init                             0x08006b6d   Thumb Code     8  key.o(i.bsp_key_init)
    bsp_lcd_init                             0x08006b75   Thumb Code    22  spi_lcd.o(i.bsp_lcd_init)
    bsp_led_init                             0x08006b91   Thumb Code     8  led.o(i.bsp_led_init)
    bsp_mem_init                             0x08006b99   Thumb Code    10  malloc.o(i.bsp_mem_init)
    bsp_tim_init                             0x08006ba5   Thumb Code    20  tim_it.o(i.bsp_tim_init)
    bsp_touch_init                           0x08006bbd   Thumb Code     8  touch.o(i.bsp_touch_init)
    fputc                                    0x08006c93   Thumb Code    28  system.o(i.fputc)
    key_ClickHandler                         0x08006cbd   Thumb Code    86  key_control.o(i.key_ClickHandler)
    key_LongHandler                          0x08006d5d   Thumb Code    86  key_control.o(i.key_LongHandler)
    main                                     0x08006dfd   Thumb Code   236  main.o(i.main)
    mid_key_fsm_init                         0x08006f3d   Thumb Code    36  key_fsm.o(i.mid_key_fsm_init)
    mid_led_fsm_init                         0x08006f69   Thumb Code    32  led_fsm.o(i.mid_led_fsm_init)
    my_mem_init                              0x08006f8d   Thumb Code    34  malloc.o(i.my_mem_init)
    my_mem_perused                           0x08006fb9   Thumb Code    56  malloc.o(i.my_mem_perused)
    mymemset                                 0x08006ff9   Thumb Code    20  malloc.o(i.mymemset)
    _fp_init                                 0x08007041   Thumb Code    10  fpinit.o(x$fpl$fpinit)
    __fplib_config_fpu_vfp                   0x08007049   Thumb Code     0  fpinit.o(x$fpl$fpinit)
    __fplib_config_pureend_doubles           0x08007049   Thumb Code     0  fpinit.o(x$fpl$fpinit)
    led_registry                             0x0800705c   Data           8  led.o(.constdata)
    key_registry                             0x08007064   Data           8  key.o(.constdata)
    CST816_TPX_TBL                           0x0800706c   Data          10  touch.o(.constdata)
    memtblsize                               0x0800708c   Data           8  malloc.o(.constdata)
    memblksize                               0x08007094   Data           8  malloc.o(.constdata)
    memsize                                  0x0800709c   Data           8  malloc.o(.constdata)
    AHBPrescTable                            0x080070ac   Data          16  system_stm32f4xx.o(.constdata)
    APBPrescTable                            0x080070bc   Data           8  system_stm32f4xx.o(.constdata)
    Region$$Table$$Base                      0x0800714c   Number         0  anon$$obj.o(Region$$Table)
    Image$$INITCALL_REGION$$Base             0x0800716c   Number         0  anon$$obj.o ABSOLUTE
    Region$$Table$$Limit                     0x0800716c   Number         0  anon$$obj.o(Region$$Table)
    __init_bsp_led_init                      0x0800716c   Data          12  led.o(INITCALL)
    __init_bsp_key_init                      0x08007178   Data          12  key.o(INITCALL)
    __init_bsp_lcd_init                      0x08007184   Data          12  spi_lcd.o(INITCALL)
    __init_bsp_tim_init                      0x08007190   Data          12  tim_it.o(INITCALL)
    __init_bsp_touch_init                    0x0800719c   Data          12  touch.o(INITCALL)
    __init_mid_led_fsm_init                  0x080071a8   Data          12  led_fsm.o(INITCALL)
    __init_mid_key_fsm_init                  0x080071b4   Data          12  key_fsm.o(INITCALL)
    __init_bsp_mem_init                      0x080071c0   Data          12  malloc.o(INITCALL)
    Image$$INITCALL_REGION$$Limit            0x080071cc   Number         0  anon$$obj.o ABSOLUTE
    __stdout                                 0x2000001c   Data           4  system.o(.data)
    mallco_dev                               0x20000020   Data          28  malloc.o(.data)
    uwTick                                   0x2000003c   Data           4  stm32f4xx_hal.o(.data)
    uwTickPrio                               0x20000040   Data           4  stm32f4xx_hal.o(.data)
    uwTickFreq                               0x20000044   Data           1  stm32f4xx_hal.o(.data)
    SystemCoreClock                          0x20000048   Data           4  system_stm32f4xx.o(.data)
    FS_Desc                                  0x2000004c   Data          28  usbd_desc.o(.data)
    USBD_LangIDDesc                          0x20000068   Data           4  usbd_desc.o(.data)
    USBD_FS_DeviceDesc                       0x2000006c   Data          18  usbd_desc.o(.data)
    USBD_StringSerial                        0x20000080   Data          26  usbd_desc.o(.data)
    USBD_Interface_fops_FS                   0x2000009c   Data          20  usbd_cdc_if.o(.data)
    USBD_CDC                                 0x20000108   Data          56  usbd_cdc.o(.data)
    hspi1                                    0x20000140   Data          88  spi.o(.bss)
    hdma_spi1_tx                             0x20000198   Data          96  spi.o(.bss)
    htim2                                    0x200001f8   Data          72  tim.o(.bss)
    TPR_Structure                            0x20001500   Data          22  touch.o(.bss)
    led_blue_fsm                             0x20001518   Data          20  led_fsm.o(.bss)
    key_fsm                                  0x2000152c   Data          32  key_fsm.o(.bss)
    mem1base                                 0x20001580   Data       65536  malloc.o(.bss)
    mem1mapbase                              0x20011580   Data        4096  malloc.o(.bss)
    hUsbDeviceFS                             0x20012580   Data         732  usb_device.o(.bss)
    USBD_StrDesc                             0x2001285c   Data         512  usbd_desc.o(.bss)
    UserRxBufferFS                           0x20012a5c   Data        2048  usbd_cdc_if.o(.bss)
    UserTxBufferFS                           0x2001325c   Data        2048  usbd_cdc_if.o(.bss)
    hpcd_USB_OTG_FS                          0x20013c7c   Data        1252  usbd_conf.o(.bss)
    __libspace_start                         0x20014160   Data          96  libspace.o(.bss)
    __temporary_stack_top$libspace           0x200141c0   Data           0  libspace.o(.bss)
    mem2base                                 0xc0000000   Data        1024  malloc.o(.ARM.__AT_0xC0000000)
    mem2mapbase                              0xc0000400   Data          64  malloc.o(.ARM.__AT_0xC0000400)



==============================================================================

Memory Map of the image

  Image Entry point : 0x08000199

  Load Region LR_IROM1 (Base: 0x08000000, Size: 0x0000730c, Max: 0x00080000, ABSOLUTE, COMPRESSED[0x0000729c])

    Execution Region ER_IROM1 (Exec base: 0x08000000, Load base: 0x08000000, Size: 0x0000716c, Max: 0x00075000, ABSOLUTE)

    Exec Addr    Load Addr    Size         Type   Attr      Idx    E Section Name        Object

    0x08000000   0x08000000   0x00000198   Data   RO            3    RESET               startup_stm32f411xe.o
    0x08000198   0x08000198   0x00000008   Code   RO         5409  * !!!main             c_w.l(__main.o)
    0x080001a0   0x080001a0   0x00000034   Code   RO         5591    !!!scatter          c_w.l(__scatter.o)
    0x080001d4   0x080001d4   0x0000005a   Code   RO         5589    !!dczerorl2         c_w.l(__dczerorl2.o)
    0x0800022e   0x0800022e   0x00000002   PAD
    0x08000230   0x08000230   0x0000001c   Code   RO         5593    !!handler_zi        c_w.l(__scatter_zi.o)
    0x0800024c   0x0800024c   0x00000000   Code   RO         5398    .ARM.Collect$$_printf_percent$$00000000  c_w.l(_printf_percent.o)
    0x0800024c   0x0800024c   0x00000006   Code   RO         5396    .ARM.Collect$$_printf_percent$$00000009  c_w.l(_printf_d.o)
    0x08000252   0x08000252   0x00000006   Code   RO         5397    .ARM.Collect$$_printf_percent$$0000000A  c_w.l(_printf_u.o)
    0x08000258   0x08000258   0x00000006   Code   RO         5395    .ARM.Collect$$_printf_percent$$00000014  c_w.l(_printf_s.o)
    0x0800025e   0x0800025e   0x00000004   Code   RO         5424    .ARM.Collect$$_printf_percent$$00000017  c_w.l(_printf_percent_end.o)
    0x08000262   0x08000262   0x00000002   Code   RO         5463    .ARM.Collect$$libinit$$00000000  c_w.l(libinit.o)
    0x08000264   0x08000264   0x00000004   Code   RO         5475    .ARM.Collect$$libinit$$00000001  c_w.l(libinit2.o)
    0x08000268   0x08000268   0x00000000   Code   RO         5478    .ARM.Collect$$libinit$$00000004  c_w.l(libinit2.o)
    0x08000268   0x08000268   0x00000000   Code   RO         5481    .ARM.Collect$$libinit$$0000000A  c_w.l(libinit2.o)
    0x08000268   0x08000268   0x00000000   Code   RO         5483    .ARM.Collect$$libinit$$0000000C  c_w.l(libinit2.o)
    0x08000268   0x08000268   0x00000000   Code   RO         5485    .ARM.Collect$$libinit$$0000000E  c_w.l(libinit2.o)
    0x08000268   0x08000268   0x00000000   Code   RO         5488    .ARM.Collect$$libinit$$00000011  c_w.l(libinit2.o)
    0x08000268   0x08000268   0x00000000   Code   RO         5490    .ARM.Collect$$libinit$$00000013  c_w.l(libinit2.o)
    0x08000268   0x08000268   0x00000000   Code   RO         5492    .ARM.Collect$$libinit$$00000015  c_w.l(libinit2.o)
    0x08000268   0x08000268   0x00000000   Code   RO         5494    .ARM.Collect$$libinit$$00000017  c_w.l(libinit2.o)
    0x08000268   0x08000268   0x00000000   Code   RO         5496    .ARM.Collect$$libinit$$00000019  c_w.l(libinit2.o)
    0x08000268   0x08000268   0x00000000   Code   RO         5498    .ARM.Collect$$libinit$$0000001B  c_w.l(libinit2.o)
    0x08000268   0x08000268   0x00000000   Code   RO         5500    .ARM.Collect$$libinit$$0000001D  c_w.l(libinit2.o)
    0x08000268   0x08000268   0x00000000   Code   RO         5502    .ARM.Collect$$libinit$$0000001F  c_w.l(libinit2.o)
    0x08000268   0x08000268   0x00000000   Code   RO         5504    .ARM.Collect$$libinit$$00000021  c_w.l(libinit2.o)
    0x08000268   0x08000268   0x00000000   Code   RO         5506    .ARM.Collect$$libinit$$00000023  c_w.l(libinit2.o)
    0x08000268   0x08000268   0x00000000   Code   RO         5508    .ARM.Collect$$libinit$$00000025  c_w.l(libinit2.o)
    0x08000268   0x08000268   0x00000000   Code   RO         5512    .ARM.Collect$$libinit$$0000002C  c_w.l(libinit2.o)
    0x08000268   0x08000268   0x00000000   Code   RO         5514    .ARM.Collect$$libinit$$0000002E  c_w.l(libinit2.o)
    0x08000268   0x08000268   0x00000000   Code   RO         5516    .ARM.Collect$$libinit$$00000030  c_w.l(libinit2.o)
    0x08000268   0x08000268   0x00000000   Code   RO         5518    .ARM.Collect$$libinit$$00000032  c_w.l(libinit2.o)
    0x08000268   0x08000268   0x00000002   Code   RO         5519    .ARM.Collect$$libinit$$00000033  c_w.l(libinit2.o)
    0x0800026a   0x0800026a   0x00000002   Code   RO         5545    .ARM.Collect$$libshutdown$$00000000  c_w.l(libshutdown.o)
    0x0800026c   0x0800026c   0x00000000   Code   RO         5572    .ARM.Collect$$libshutdown$$00000002  c_w.l(libshutdown2.o)
    0x0800026c   0x0800026c   0x00000000   Code   RO         5574    .ARM.Collect$$libshutdown$$00000004  c_w.l(libshutdown2.o)
    0x0800026c   0x0800026c   0x00000000   Code   RO         5577    .ARM.Collect$$libshutdown$$00000007  c_w.l(libshutdown2.o)
    0x0800026c   0x0800026c   0x00000000   Code   RO         5580    .ARM.Collect$$libshutdown$$0000000A  c_w.l(libshutdown2.o)
    0x0800026c   0x0800026c   0x00000000   Code   RO         5582    .ARM.Collect$$libshutdown$$0000000C  c_w.l(libshutdown2.o)
    0x0800026c   0x0800026c   0x00000000   Code   RO         5585    .ARM.Collect$$libshutdown$$0000000F  c_w.l(libshutdown2.o)
    0x0800026c   0x0800026c   0x00000002   Code   RO         5586    .ARM.Collect$$libshutdown$$00000010  c_w.l(libshutdown2.o)
    0x0800026e   0x0800026e   0x00000000   Code   RO         5413    .ARM.Collect$$rtentry$$00000000  c_w.l(__rtentry.o)
    0x0800026e   0x0800026e   0x00000000   Code   RO         5426    .ARM.Collect$$rtentry$$00000002  c_w.l(__rtentry2.o)
    0x0800026e   0x0800026e   0x00000006   Code   RO         5438    .ARM.Collect$$rtentry$$00000004  c_w.l(__rtentry4.o)
    0x08000274   0x08000274   0x00000000   Code   RO         5428    .ARM.Collect$$rtentry$$00000009  c_w.l(__rtentry2.o)
    0x08000274   0x08000274   0x00000004   Code   RO         5429    .ARM.Collect$$rtentry$$0000000A  c_w.l(__rtentry2.o)
    0x08000278   0x08000278   0x00000000   Code   RO         5431    .ARM.Collect$$rtentry$$0000000C  c_w.l(__rtentry2.o)
    0x08000278   0x08000278   0x00000008   Code   RO         5432    .ARM.Collect$$rtentry$$0000000D  c_w.l(__rtentry2.o)
    0x08000280   0x08000280   0x00000002   Code   RO         5467    .ARM.Collect$$rtexit$$00000000  c_w.l(rtexit.o)
    0x08000282   0x08000282   0x00000000   Code   RO         5521    .ARM.Collect$$rtexit$$00000002  c_w.l(rtexit2.o)
    0x08000282   0x08000282   0x00000004   Code   RO         5522    .ARM.Collect$$rtexit$$00000003  c_w.l(rtexit2.o)
    0x08000286   0x08000286   0x00000006   Code   RO         5523    .ARM.Collect$$rtexit$$00000004  c_w.l(rtexit2.o)
    0x0800028c   0x0800028c   0x00000004   Code   RO          627    .rev16_text         spi_lcd.o
    0x08000290   0x08000290   0x00000040   Code   RO            4    .text               startup_stm32f411xe.o
    0x080002d0   0x080002d0   0x00000002   Code   RO         5361    .text               c_w.l(use_no_semi_2.o)
    0x080002d2   0x080002d2   0x000000ee   Code   RO         5363    .text               c_w.l(lludivv7m.o)
    0x080003c0   0x080003c0   0x00000018   Code   RO         5367    .text               c_w.l(noretval__2printf.o)
    0x080003d8   0x080003d8   0x00000068   Code   RO         5369    .text               c_w.l(__printf.o)
    0x08000440   0x08000440   0x00000052   Code   RO         5371    .text               c_w.l(_printf_str.o)
    0x08000492   0x08000492   0x00000002   PAD
    0x08000494   0x08000494   0x00000078   Code   RO         5373    .text               c_w.l(_printf_dec.o)
    0x0800050c   0x0800050c   0x00000016   Code   RO         5399    .text               c_w.l(strrchr.o)
    0x08000522   0x08000522   0x00000064   Code   RO         5403    .text               c_w.l(rt_memcpy_w.o)
    0x08000586   0x08000586   0x0000004e   Code   RO         5405    .text               c_w.l(rt_memclr_w.o)
    0x080005d4   0x080005d4   0x00000006   Code   RO         5407    .text               c_w.l(heapauxi.o)
    0x080005da   0x080005da   0x00000002   Code   RO         5411    .text               c_w.l(use_no_semi.o)
    0x080005dc   0x080005dc   0x000000b2   Code   RO         5418    .text               c_w.l(_printf_intcommon.o)
    0x0800068e   0x0800068e   0x0000002c   Code   RO         5420    .text               c_w.l(_printf_char.o)
    0x080006ba   0x080006ba   0x00000002   PAD
    0x080006bc   0x080006bc   0x00000024   Code   RO         5422    .text               c_w.l(_printf_char_file.o)
    0x080006e0   0x080006e0   0x00000030   Code   RO         5442    .text               c_w.l(_printf_char_common.o)
    0x08000710   0x08000710   0x00000008   Code   RO         5444    .text               c_w.l(ferror.o)
    0x08000718   0x08000718   0x0000004a   Code   RO         5448    .text               c_w.l(sys_stackheap_outer.o)
    0x08000762   0x08000762   0x00000012   Code   RO         5452    .text               c_w.l(exit.o)
    0x08000774   0x08000774   0x00000008   Code   RO         5464    .text               c_w.l(libspace.o)
    0x0800077c   0x0800077c   0x00000004   Code   RO          384    i.BusFault_Handler  stm32f4xx_it.o
    0x08000780   0x08000780   0x00000008   Code   RO         4659    i.CDC_Control_FS    usbd_cdc_if.o
    0x08000788   0x08000788   0x00000004   Code   RO         4660    i.CDC_DeInit_FS     usbd_cdc_if.o
    0x0800078c   0x0800078c   0x00000024   Code   RO         4661    i.CDC_Init_FS       usbd_cdc_if.o
    0x080007b0   0x080007b0   0x00000018   Code   RO         4662    i.CDC_Receive_FS    usbd_cdc_if.o
    0x080007c8   0x080007c8   0x00000004   Code   RO         4663    i.CDC_TransmitCplt_FS  usbd_cdc_if.o
    0x080007cc   0x080007cc   0x0000002c   Code   RO         4664    i.CDC_Transmit_FS   usbd_cdc_if.o
    0x080007f8   0x080007f8   0x0000007c   Code   RO          881    i.CST816_Init       touch.o
    0x08000874   0x08000874   0x00000052   Code   RO          882    i.CST816_RD_Reg     touch.o
    0x080008c6   0x080008c6   0x00000002   PAD
    0x080008c8   0x080008c8   0x000000d4   Code   RO          883    i.CST816_Scan       touch.o
    0x0800099c   0x0800099c   0x00000052   Code   RO          884    i.CST816_WR_Reg     touch.o
    0x080009ee   0x080009ee   0x00000002   PAD
    0x080009f0   0x080009f0   0x00000010   Code   RO          385    i.DMA2_Stream2_IRQHandler  stm32f4xx_it.o
    0x08000a00   0x08000a00   0x00000034   Code   RO         2474    i.DMA_CalcBaseAndBitshift  stm32f4xx_hal_dma.o
    0x08000a34   0x08000a34   0x000000aa   Code   RO         2475    i.DMA_CheckFifoParam  stm32f4xx_hal_dma.o
    0x08000ade   0x08000ade   0x0000002c   Code   RO         2476    i.DMA_SetConfig     stm32f4xx_hal_dma.o
    0x08000b0a   0x08000b0a   0x00000002   Code   RO          386    i.DebugMon_Handler  stm32f4xx_it.o
    0x08000b0c   0x08000b0c   0x00000006   Code   RO           13    i.Error_Handler     main.o
    0x08000b12   0x08000b12   0x00000002   PAD
    0x08000b14   0x08000b14   0x00000038   Code   RO         4568    i.Get_SerialNum     usbd_desc.o
    0x08000b4c   0x08000b4c   0x00000028   Code   RO         2478    i.HAL_DMA_Abort_IT  stm32f4xx_hal_dma.o
    0x08000b74   0x08000b74   0x00000240   Code   RO         2482    i.HAL_DMA_IRQHandler  stm32f4xx_hal_dma.o
    0x08000db4   0x08000db4   0x000000ec   Code   RO         2483    i.HAL_DMA_Init      stm32f4xx_hal_dma.o
    0x08000ea0   0x08000ea0   0x00000092   Code   RO         2487    i.HAL_DMA_Start_IT  stm32f4xx_hal_dma.o
    0x08000f32   0x08000f32   0x00000002   PAD
    0x08000f34   0x08000f34   0x00000028   Code   RO         2943    i.HAL_Delay         stm32f4xx_hal.o
    0x08000f5c   0x08000f5c   0x000001c8   Code   RO         2370    i.HAL_GPIO_Init     stm32f4xx_hal_gpio.o
    0x08001124   0x08001124   0x00000010   Code   RO         2372    i.HAL_GPIO_ReadPin  stm32f4xx_hal_gpio.o
    0x08001134   0x08001134   0x0000000c   Code   RO         2374    i.HAL_GPIO_WritePin  stm32f4xx_hal_gpio.o
    0x08001140   0x08001140   0x0000000c   Code   RO         2949    i.HAL_GetTick       stm32f4xx_hal.o
    0x0800114c   0x0800114c   0x00000018   Code   RO         2955    i.HAL_IncTick       stm32f4xx_hal.o
    0x08001164   0x08001164   0x0000003c   Code   RO         2956    i.HAL_Init          stm32f4xx_hal.o
    0x080011a0   0x080011a0   0x0000004c   Code   RO         2957    i.HAL_InitTick      stm32f4xx_hal.o
    0x080011ec   0x080011ec   0x00000048   Code   RO          478    i.HAL_MspInit       stm32f4xx_hal_msp.o
    0x08001234   0x08001234   0x00000028   Code   RO         2786    i.HAL_NVIC_EnableIRQ  stm32f4xx_hal_cortex.o
    0x0800125c   0x0800125c   0x0000007c   Code   RO         2792    i.HAL_NVIC_SetPriority  stm32f4xx_hal_cortex.o
    0x080012d8   0x080012d8   0x00000028   Code   RO         2793    i.HAL_NVIC_SetPriorityGrouping  stm32f4xx_hal_cortex.o
    0x08001300   0x08001300   0x00000002   Code   RO         1554    i.HAL_PCDEx_LPM_Callback  stm32f4xx_hal_pcd_ex.o
    0x08001302   0x08001302   0x0000000a   Code   RO         1555    i.HAL_PCDEx_SetRxFiFo  stm32f4xx_hal_pcd_ex.o
    0x0800130c   0x0800130c   0x0000004e   Code   RO         1556    i.HAL_PCDEx_SetTxFiFo  stm32f4xx_hal_pcd_ex.o
    0x0800135a   0x0800135a   0x00000008   Code   RO         4729    i.HAL_PCD_ConnectCallback  usbd_conf.o
    0x08001362   0x08001362   0x00000012   Code   RO         4730    i.HAL_PCD_DataInStageCallback  usbd_conf.o
    0x08001374   0x08001374   0x00000014   Code   RO         4731    i.HAL_PCD_DataOutStageCallback  usbd_conf.o
    0x08001388   0x08001388   0x00000008   Code   RO         4732    i.HAL_PCD_DisconnectCallback  usbd_conf.o
    0x08001390   0x08001390   0x00000042   Code   RO         1319    i.HAL_PCD_EP_Abort  stm32f4xx_hal_pcd.o
    0x080013d2   0x080013d2   0x0000006a   Code   RO         1320    i.HAL_PCD_EP_Close  stm32f4xx_hal_pcd.o
    0x0800143c   0x0800143c   0x0000007c   Code   RO         1321    i.HAL_PCD_EP_ClrStall  stm32f4xx_hal_pcd.o
    0x080014b8   0x080014b8   0x00000016   Code   RO         1323    i.HAL_PCD_EP_GetRxCount  stm32f4xx_hal_pcd.o
    0x080014ce   0x080014ce   0x0000008e   Code   RO         1324    i.HAL_PCD_EP_Open   stm32f4xx_hal_pcd.o
    0x0800155c   0x0800155c   0x00000046   Code   RO         1325    i.HAL_PCD_EP_Receive  stm32f4xx_hal_pcd.o
    0x080015a2   0x080015a2   0x0000008a   Code   RO         1326    i.HAL_PCD_EP_SetStall  stm32f4xx_hal_pcd.o
    0x0800162c   0x0800162c   0x00000048   Code   RO         1327    i.HAL_PCD_EP_Transmit  stm32f4xx_hal_pcd.o
    0x08001674   0x08001674   0x000006ca   Code   RO         1329    i.HAL_PCD_IRQHandler  stm32f4xx_hal_pcd.o
    0x08001d3e   0x08001d3e   0x00000008   Code   RO         4733    i.HAL_PCD_ISOINIncompleteCallback  usbd_conf.o
    0x08001d46   0x08001d46   0x00000008   Code   RO         4734    i.HAL_PCD_ISOOUTIncompleteCallback  usbd_conf.o
    0x08001d4e   0x08001d4e   0x0000015e   Code   RO         1332    i.HAL_PCD_Init      stm32f4xx_hal_pcd.o
    0x08001eac   0x08001eac   0x00000084   Code   RO         4736    i.HAL_PCD_MspInit   usbd_conf.o
    0x08001f30   0x08001f30   0x00000026   Code   RO         4737    i.HAL_PCD_ResetCallback  usbd_conf.o
    0x08001f56   0x08001f56   0x00000008   Code   RO         4738    i.HAL_PCD_ResumeCallback  usbd_conf.o
    0x08001f5e   0x08001f5e   0x00000008   Code   RO         4739    i.HAL_PCD_SOFCallback  usbd_conf.o
    0x08001f66   0x08001f66   0x00000034   Code   RO         1338    i.HAL_PCD_SetAddress  stm32f4xx_hal_pcd.o
    0x08001f9a   0x08001f9a   0x0000000e   Code   RO         4740    i.HAL_PCD_SetupStageCallback  usbd_conf.o
    0x08001fa8   0x08001fa8   0x0000004c   Code   RO         1341    i.HAL_PCD_Start     stm32f4xx_hal_pcd.o
    0x08001ff4   0x08001ff4   0x00000030   Code   RO         4741    i.HAL_PCD_SuspendCallback  usbd_conf.o
    0x08002024   0x08002024   0x00000184   Code   RO         1907    i.HAL_RCC_ClockConfig  stm32f4xx_hal_rcc.o
    0x080021a8   0x080021a8   0x0000000c   Code   RO         1912    i.HAL_RCC_GetHCLKFreq  stm32f4xx_hal_rcc.o
    0x080021b4   0x080021b4   0x000000b0   Code   RO         1916    i.HAL_RCC_GetSysClockFreq  stm32f4xx_hal_rcc.o
    0x08002264   0x08002264   0x0000049c   Code   RO         1919    i.HAL_RCC_OscConfig  stm32f4xx_hal_rcc.o
    0x08002700   0x08002700   0x00000014   Code   RO          714    i.HAL_SPI_ErrorCallback  spi_it.o
    0x08002714   0x08002714   0x0000015c   Code   RO         3204    i.HAL_SPI_IRQHandler  stm32f4xx_hal_spi.o
    0x08002870   0x08002870   0x000000c8   Code   RO         3205    i.HAL_SPI_Init      stm32f4xx_hal_spi.o
    0x08002938   0x08002938   0x000000dc   Code   RO          295    i.HAL_SPI_MspInit   spi.o
    0x08002a14   0x08002a14   0x000000fc   Code   RO         3217    i.HAL_SPI_Transmit_DMA  stm32f4xx_hal_spi.o
    0x08002b10   0x08002b10   0x00000014   Code   RO          715    i.HAL_SPI_TxCpltCallback  spi_it.o
    0x08002b24   0x08002b24   0x00000002   Code   RO         3220    i.HAL_SPI_TxHalfCpltCallback  stm32f4xx_hal_spi.o
    0x08002b26   0x08002b26   0x00000034   Code   RO         2797    i.HAL_SYSTICK_Config  stm32f4xx_hal_cortex.o
    0x08002b5a   0x08002b5a   0x00000002   PAD
    0x08002b5c   0x08002b5c   0x0000009c   Code   RO         4252    i.HAL_TIMEx_MasterConfigSynchronization  stm32f4xx_hal_tim_ex.o
    0x08002bf8   0x08002bf8   0x00000066   Code   RO         3518    i.HAL_TIM_Base_Init  stm32f4xx_hal_tim.o
    0x08002c5e   0x08002c5e   0x00000002   PAD
    0x08002c60   0x08002c60   0x00000030   Code   RO          337    i.HAL_TIM_Base_MspInit  tim.o
    0x08002c90   0x08002c90   0x0000010c   Code   RO         3527    i.HAL_TIM_ConfigClockSource  stm32f4xx_hal_tim.o
    0x08002d9c   0x08002d9c   0x0000005c   Code   RO          338    i.HAL_TIM_MspPostInit  tim.o
    0x08002df8   0x08002df8   0x00000104   Code   RO         3590    i.HAL_TIM_PWM_ConfigChannel  stm32f4xx_hal_tim.o
    0x08002efc   0x08002efc   0x00000066   Code   RO         3593    i.HAL_TIM_PWM_Init  stm32f4xx_hal_tim.o
    0x08002f62   0x08002f62   0x00000002   Code   RO         3595    i.HAL_TIM_PWM_MspInit  stm32f4xx_hal_tim.o
    0x08002f64   0x08002f64   0x000000ec   Code   RO         3598    i.HAL_TIM_PWM_Start  stm32f4xx_hal_tim.o
    0x08003050   0x08003050   0x00000004   Code   RO          387    i.HardFault_Handler  stm32f4xx_it.o
    0x08003054   0x08003054   0x0000003e   Code   RO         4569    i.IntToUnicode      usbd_desc.o
    0x08003092   0x08003092   0x0000003e   Code   RO         1014    i.KEY_FSM_Init      key_fsm.o
    0x080030d0   0x080030d0   0x000000d2   Code   RO         1015    i.KEY_FSM_Run       key_fsm.o
    0x080031a2   0x080031a2   0x00000002   PAD
    0x080031a4   0x080031a4   0x0000005c   Code   RO          585    i.Key_GetState      key.o
    0x08003200   0x08003200   0x0000000e   Code   RO          586    i.Key_Init          key.o
    0x0800320e   0x0800320e   0x00000002   PAD
    0x08003210   0x08003210   0x00000054   Code   RO          630    i.LCD_Address_Set   spi_lcd.o
    0x08003264   0x08003264   0x00000074   Code   RO          631    i.LCD_Clear         spi_lcd.o
    0x080032d8   0x080032d8   0x0000002c   Code   RO          635    i.LCD_WR_DATA       spi_lcd.o
    0x08003304   0x08003304   0x00000020   Code   RO          636    i.LCD_WR_DATA8      spi_lcd.o
    0x08003324   0x08003324   0x00000020   Code   RO          637    i.LCD_WR_REG        spi_lcd.o
    0x08003344   0x08003344   0x0000002e   Code   RO          938    i.LED_FSM_Init      led_fsm.o
    0x08003372   0x08003372   0x000000ce   Code   RO          939    i.LED_FSM_Run       led_fsm.o
    0x08003440   0x08003440   0x00000010   Code   RO          941    i.LED_FSM_SetOFFEvent  led_fsm.o
    0x08003450   0x08003450   0x0000000c   Code   RO          943    i.LED_FSM_SetToggleEvent  led_fsm.o
    0x0800345c   0x0800345c   0x00000018   Code   RO          535    i.LED_Init          led.o
    0x08003474   0x08003474   0x0000004c   Code   RO          536    i.LED_SetState      led.o
    0x080034c0   0x080034c0   0x00000510   Code   RO          638    i.Lcd_Init          spi_lcd.o
    0x080039d0   0x080039d0   0x00000038   Code   RO          270    i.MX_DMA_Init       dma.o
    0x08003a08   0x08003a08   0x00000124   Code   RO          246    i.MX_GPIO_Init      gpio.o
    0x08003b2c   0x08003b2c   0x00000044   Code   RO          296    i.MX_SPI1_Init      spi.o
    0x08003b70   0x08003b70   0x000000a0   Code   RO          339    i.MX_TIM2_Init      tim.o
    0x08003c10   0x08003c10   0x00000054   Code   RO         4537    i.MX_USB_DEVICE_Init  usb_device.o
    0x08003c64   0x08003c64   0x00000004   Code   RO          388    i.MemManage_Handler  stm32f4xx_it.o
    0x08003c68   0x08003c68   0x00000004   Code   RO          389    i.NMI_Handler       stm32f4xx_it.o
    0x08003c6c   0x08003c6c   0x00000010   Code   RO          390    i.OTG_FS_IRQHandler  stm32f4xx_it.o
    0x08003c7c   0x08003c7c   0x00000064   Code   RO         1345    i.PCD_EP_OutSetupPacket_int  stm32f4xx_hal_pcd.o
    0x08003ce0   0x08003ce0   0x00000144   Code   RO         1346    i.PCD_EP_OutXfrComplete_int  stm32f4xx_hal_pcd.o
    0x08003e24   0x08003e24   0x000000b6   Code   RO         1347    i.PCD_WriteEmptyTxFifo  stm32f4xx_hal_pcd.o
    0x08003eda   0x08003eda   0x00000002   Code   RO          391    i.PendSV_Handler    stm32f4xx_it.o
    0x08003edc   0x08003edc   0x00000010   Code   RO          392    i.SPI1_IRQHandler   stm32f4xx_it.o
    0x08003eec   0x08003eec   0x00000014   Code   RO         3232    i.SPI_DMAAbortOnError  stm32f4xx_hal_spi.o
    0x08003f00   0x08003f00   0x00000028   Code   RO         3233    i.SPI_DMAError      stm32f4xx_hal_spi.o
    0x08003f28   0x08003f28   0x0000000e   Code   RO         3235    i.SPI_DMAHalfTransmitCplt  stm32f4xx_hal_spi.o
    0x08003f36   0x08003f36   0x00000080   Code   RO         3239    i.SPI_DMATransmitCplt  stm32f4xx_hal_spi.o
    0x08003fb6   0x08003fb6   0x00000002   PAD
    0x08003fb8   0x08003fb8   0x00000088   Code   RO         3243    i.SPI_EndRxTxTransaction  stm32f4xx_hal_spi.o
    0x08004040   0x08004040   0x00000028   Code   RO          716    i.SPI_Register      spi_it.o
    0x08004068   0x08004068   0x000000d8   Code   RO         3248    i.SPI_WaitFlagStateUntilTimeout  stm32f4xx_hal_spi.o
    0x08004140   0x08004140   0x00000026   Code   RO          717    i.SPI_WriteDMA      spi_it.o
    0x08004166   0x08004166   0x00000002   Code   RO          393    i.SVC_Handler       stm32f4xx_it.o
    0x08004168   0x08004168   0x00000008   Code   RO          394    i.SysTick_Handler   stm32f4xx_it.o
    0x08004170   0x08004170   0x000000b0   Code   RO           14    i.SystemClock_Config  main.o
    0x08004220   0x08004220   0x00000014   Code   RO         4501    i.SystemInit        system_stm32f4xx.o
    0x08004234   0x08004234   0x000000ac   Code   RO         3611    i.TIM_Base_SetConfig  stm32f4xx_hal_tim.o
    0x080042e0   0x080042e0   0x00000022   Code   RO         3612    i.TIM_CCxChannelCmd  stm32f4xx_hal_tim.o
    0x08004302   0x08004302   0x00000016   Code   RO         3622    i.TIM_ETR_SetConfig  stm32f4xx_hal_tim.o
    0x08004318   0x08004318   0x00000012   Code   RO         3623    i.TIM_ITRx_SetConfig  stm32f4xx_hal_tim.o
    0x0800432a   0x0800432a   0x00000002   PAD
    0x0800432c   0x0800432c   0x00000060   Code   RO         3624    i.TIM_OC1_SetConfig  stm32f4xx_hal_tim.o
    0x0800438c   0x0800438c   0x00000068   Code   RO         3625    i.TIM_OC2_SetConfig  stm32f4xx_hal_tim.o
    0x080043f4   0x080043f4   0x00000068   Code   RO         3626    i.TIM_OC3_SetConfig  stm32f4xx_hal_tim.o
    0x0800445c   0x0800445c   0x00000048   Code   RO         3627    i.TIM_OC4_SetConfig  stm32f4xx_hal_tim.o
    0x080044a4   0x080044a4   0x00000026   Code   RO         3629    i.TIM_TI1_ConfigInputStage  stm32f4xx_hal_tim.o
    0x080044ca   0x080044ca   0x00000028   Code   RO         3631    i.TIM_TI2_ConfigInputStage  stm32f4xx_hal_tim.o
    0x080044f2   0x080044f2   0x00000002   PAD
    0x080044f4   0x080044f4   0x00000048   Code   RO          798    i.TOUCH_IIC_Ack     touch_iic.o
    0x0800453c   0x0800453c   0x0000001c   Code   RO          799    i.TOUCH_IIC_Init    touch_iic.o
    0x08004558   0x08004558   0x00000048   Code   RO          800    i.TOUCH_IIC_NAck    touch_iic.o
    0x080045a0   0x080045a0   0x0000005c   Code   RO          801    i.TOUCH_IIC_Read_Byte  touch_iic.o
    0x080045fc   0x080045fc   0x00000068   Code   RO          802    i.TOUCH_IIC_Send_Byte  touch_iic.o
    0x08004664   0x08004664   0x00000040   Code   RO          803    i.TOUCH_IIC_Start   touch_iic.o
    0x080046a4   0x080046a4   0x00000038   Code   RO          804    i.TOUCH_IIC_Stop    touch_iic.o
    0x080046dc   0x080046dc   0x00000058   Code   RO          805    i.TOUCH_IIC_Wait_Ack  touch_iic.o
    0x08004734   0x08004734   0x00000028   Code   RO          806    i.TOUCH_SDA_IN      touch_iic.o
    0x0800475c   0x0800475c   0x00000028   Code   RO          807    i.TOUCH_SDA_OUT     touch_iic.o
    0x08004784   0x08004784   0x00000078   Code   RO         5256    i.USBD_CDC_DataIn   usbd_cdc.o
    0x080047fc   0x080047fc   0x0000003e   Code   RO         5257    i.USBD_CDC_DataOut  usbd_cdc.o
    0x0800483a   0x0800483a   0x00000002   PAD
    0x0800483c   0x0800483c   0x00000098   Code   RO         5258    i.USBD_CDC_DeInit   usbd_cdc.o
    0x080048d4   0x080048d4   0x00000038   Code   RO         5259    i.USBD_CDC_EP0_RxReady  usbd_cdc.o
    0x0800490c   0x0800490c   0x0000000c   Code   RO         5260    i.USBD_CDC_GetDeviceQualifierDescriptor  usbd_cdc.o
    0x08004918   0x08004918   0x0000003c   Code   RO         5261    i.USBD_CDC_GetFSCfgDesc  usbd_cdc.o
    0x08004954   0x08004954   0x00000040   Code   RO         5262    i.USBD_CDC_GetHSCfgDesc  usbd_cdc.o
    0x08004994   0x08004994   0x0000003c   Code   RO         5263    i.USBD_CDC_GetOtherSpeedCfgDesc  usbd_cdc.o
    0x080049d0   0x080049d0   0x00000164   Code   RO         5264    i.USBD_CDC_Init     usbd_cdc.o
    0x08004b34   0x08004b34   0x00000048   Code   RO         5265    i.USBD_CDC_ReceivePacket  usbd_cdc.o
    0x08004b7c   0x08004b7c   0x00000018   Code   RO         5266    i.USBD_CDC_RegisterInterface  usbd_cdc.o
    0x08004b94   0x08004b94   0x0000001c   Code   RO         5267    i.USBD_CDC_SetRxBuffer  usbd_cdc.o
    0x08004bb0   0x08004bb0   0x00000020   Code   RO         5268    i.USBD_CDC_SetTxBuffer  usbd_cdc.o
    0x08004bd0   0x08004bd0   0x00000110   Code   RO         5269    i.USBD_CDC_Setup    usbd_cdc.o
    0x08004ce0   0x08004ce0   0x00000054   Code   RO         5270    i.USBD_CDC_TransmitPacket  usbd_cdc.o
    0x08004d34   0x08004d34   0x00000014   Code   RO         4936    i.USBD_ClrClassConfig  usbd_core.o
    0x08004d48   0x08004d48   0x00000026   Code   RO         5098    i.USBD_ClrFeature   usbd_ctlreq.o
    0x08004d6e   0x08004d6e   0x00000004   Code   RO         4937    i.USBD_CoreFindEP   usbd_core.o
    0x08004d72   0x08004d72   0x00000004   Code   RO         4938    i.USBD_CoreFindIF   usbd_core.o
    0x08004d76   0x08004d76   0x00000010   Code   RO         5196    i.USBD_CtlContinueRx  usbd_ioreq.o
    0x08004d86   0x08004d86   0x00000010   Code   RO         5197    i.USBD_CtlContinueSendData  usbd_ioreq.o
    0x08004d96   0x08004d96   0x00000018   Code   RO         5099    i.USBD_CtlError     usbd_ctlreq.o
    0x08004dae   0x08004dae   0x00000022   Code   RO         5198    i.USBD_CtlPrepareRx  usbd_ioreq.o
    0x08004dd0   0x08004dd0   0x00000016   Code   RO         5199    i.USBD_CtlReceiveStatus  usbd_ioreq.o
    0x08004de6   0x08004de6   0x0000001c   Code   RO         5200    i.USBD_CtlSendData  usbd_ioreq.o
    0x08004e02   0x08004e02   0x00000016   Code   RO         5201    i.USBD_CtlSendStatus  usbd_ioreq.o
    0x08004e18   0x08004e18   0x00000030   Code   RO         4570    i.USBD_FS_ConfigStrDescriptor  usbd_desc.o
    0x08004e48   0x08004e48   0x0000000c   Code   RO         4571    i.USBD_FS_DeviceDescriptor  usbd_desc.o
    0x08004e54   0x08004e54   0x00000034   Code   RO         4572    i.USBD_FS_InterfaceStrDescriptor  usbd_desc.o
    0x08004e88   0x08004e88   0x0000000c   Code   RO         4573    i.USBD_FS_LangIDStrDescriptor  usbd_desc.o
    0x08004e94   0x08004e94   0x00000028   Code   RO         4574    i.USBD_FS_ManufacturerStrDescriptor  usbd_desc.o
    0x08004ebc   0x08004ebc   0x0000003c   Code   RO         4575    i.USBD_FS_ProductStrDescriptor  usbd_desc.o
    0x08004ef8   0x08004ef8   0x00000014   Code   RO         4576    i.USBD_FS_SerialStrDescriptor  usbd_desc.o
    0x08004f0c   0x08004f0c   0x00000034   Code   RO         5100    i.USBD_GetConfig    usbd_ctlreq.o
    0x08004f40   0x08004f40   0x000001b4   Code   RO         5101    i.USBD_GetDescriptor  usbd_ctlreq.o
    0x080050f4   0x080050f4   0x0000003c   Code   RO         4940    i.USBD_GetEpDesc    usbd_core.o
    0x08005130   0x08005130   0x00000018   Code   RO         5102    i.USBD_GetLen       usbd_ctlreq.o
    0x08005148   0x08005148   0x0000000e   Code   RO         4941    i.USBD_GetNextDesc  usbd_core.o
    0x08005156   0x08005156   0x00000036   Code   RO         5103    i.USBD_GetStatus    usbd_ctlreq.o
    0x0800518c   0x0800518c   0x00000058   Code   RO         5104    i.USBD_GetString    usbd_ctlreq.o
    0x080051e4   0x080051e4   0x00000024   Code   RO         4742    i.USBD_Get_USB_Status  usbd_conf.o
    0x08005208   0x08005208   0x00000028   Code   RO         4942    i.USBD_Init         usbd_core.o
    0x08005230   0x08005230   0x00000012   Code   RO         4743    i.USBD_LL_ClearStallEP  usbd_conf.o
    0x08005242   0x08005242   0x00000012   Code   RO         4744    i.USBD_LL_CloseEP   usbd_conf.o
    0x08005254   0x08005254   0x000000e2   Code   RO         4943    i.USBD_LL_DataInStage  usbd_core.o
    0x08005336   0x08005336   0x000000d0   Code   RO         4944    i.USBD_LL_DataOutStage  usbd_core.o
    0x08005406   0x08005406   0x00000004   Code   RO         4945    i.USBD_LL_DevConnected  usbd_core.o
    0x0800540a   0x0800540a   0x00000020   Code   RO         4946    i.USBD_LL_DevDisconnected  usbd_core.o
    0x0800542a   0x0800542a   0x00000008   Code   RO         4748    i.USBD_LL_GetRxDataSize  usbd_conf.o
    0x08005432   0x08005432   0x00000002   PAD
    0x08005434   0x08005434   0x00000060   Code   RO         4749    i.USBD_LL_Init      usbd_conf.o
    0x08005494   0x08005494   0x00000020   Code   RO         4750    i.USBD_LL_IsStallEP  usbd_conf.o
    0x080054b4   0x080054b4   0x0000002a   Code   RO         4947    i.USBD_LL_IsoINIncomplete  usbd_core.o
    0x080054de   0x080054de   0x0000002a   Code   RO         4948    i.USBD_LL_IsoOUTIncomplete  usbd_core.o
    0x08005508   0x08005508   0x00000018   Code   RO         4751    i.USBD_LL_OpenEP    usbd_conf.o
    0x08005520   0x08005520   0x00000012   Code   RO         4752    i.USBD_LL_PrepareReceive  usbd_conf.o
    0x08005532   0x08005532   0x00000062   Code   RO         4949    i.USBD_LL_Reset     usbd_core.o
    0x08005594   0x08005594   0x00000014   Code   RO         4950    i.USBD_LL_Resume    usbd_core.o
    0x080055a8   0x080055a8   0x0000001a   Code   RO         4951    i.USBD_LL_SOF       usbd_core.o
    0x080055c2   0x080055c2   0x00000006   Code   RO         4952    i.USBD_LL_SetSpeed  usbd_core.o
    0x080055c8   0x080055c8   0x00000012   Code   RO         4753    i.USBD_LL_SetUSBAddress  usbd_conf.o
    0x080055da   0x080055da   0x00000064   Code   RO         4953    i.USBD_LL_SetupStage  usbd_core.o
    0x0800563e   0x0800563e   0x00000012   Code   RO         4754    i.USBD_LL_StallEP   usbd_conf.o
    0x08005650   0x08005650   0x00000012   Code   RO         4755    i.USBD_LL_Start     usbd_conf.o
    0x08005662   0x08005662   0x0000001a   Code   RO         4954    i.USBD_LL_Suspend   usbd_core.o
    0x0800567c   0x0800567c   0x00000012   Code   RO         4757    i.USBD_LL_Transmit  usbd_conf.o
    0x0800568e   0x0800568e   0x00000032   Code   RO         5105    i.USBD_ParseSetupRequest  usbd_ctlreq.o
    0x080056c0   0x080056c0   0x0000003a   Code   RO         4955    i.USBD_RegisterClass  usbd_core.o
    0x080056fa   0x080056fa   0x00000004   Code   RO         4956    i.USBD_RunTestMode  usbd_core.o
    0x080056fe   0x080056fe   0x00000058   Code   RO         5106    i.USBD_SetAddress   usbd_ctlreq.o
    0x08005756   0x08005756   0x00000014   Code   RO         4957    i.USBD_SetClassConfig  usbd_core.o
    0x0800576a   0x0800576a   0x00000002   PAD
    0x0800576c   0x0800576c   0x000000dc   Code   RO         5107    i.USBD_SetConfig    usbd_ctlreq.o
    0x08005848   0x08005848   0x00000024   Code   RO         5108    i.USBD_SetFeature   usbd_ctlreq.o
    0x0800586c   0x0800586c   0x00000004   Code   RO         4958    i.USBD_Start        usbd_core.o
    0x08005870   0x08005870   0x00000076   Code   RO         5109    i.USBD_StdDevReq    usbd_ctlreq.o
    0x080058e6   0x080058e6   0x00000234   Code   RO         5110    i.USBD_StdEPReq     usbd_ctlreq.o
    0x08005b1a   0x08005b1a   0x0000008e   Code   RO         5111    i.USBD_StdItfReq    usbd_ctlreq.o
    0x08005ba8   0x08005ba8   0x00000002   Code   RO         4758    i.USBD_static_free  usbd_conf.o
    0x08005baa   0x08005baa   0x00000002   PAD
    0x08005bac   0x08005bac   0x00000008   Code   RO         4759    i.USBD_static_malloc  usbd_conf.o
    0x08005bb4   0x08005bb4   0x000000d0   Code   RO         1596    i.USB_ActivateEndpoint  stm32f4xx_ll_usb.o
    0x08005c84   0x08005c84   0x00000028   Code   RO         1598    i.USB_ActivateSetup  stm32f4xx_ll_usb.o
    0x08005cac   0x08005cac   0x0000008c   Code   RO         1600    i.USB_CoreInit      stm32f4xx_ll_usb.o
    0x08005d38   0x08005d38   0x00000062   Code   RO         1601    i.USB_CoreReset     stm32f4xx_ll_usb.o
    0x08005d9a   0x08005d9a   0x00000002   PAD
    0x08005d9c   0x08005d9c   0x0000014c   Code   RO         1604    i.USB_DeactivateEndpoint  stm32f4xx_ll_usb.o
    0x08005ee8   0x08005ee8   0x00000024   Code   RO         1605    i.USB_DevConnect    stm32f4xx_ll_usb.o
    0x08005f0c   0x08005f0c   0x00000024   Code   RO         1606    i.USB_DevDisconnect  stm32f4xx_ll_usb.o
    0x08005f30   0x08005f30   0x000001e8   Code   RO         1607    i.USB_DevInit       stm32f4xx_ll_usb.o
    0x08006118   0x08006118   0x0000000e   Code   RO         1608    i.USB_DisableGlobalInt  stm32f4xx_ll_usb.o
    0x08006126   0x08006126   0x00000002   PAD
    0x08006128   0x08006128   0x00000070   Code   RO         1611    i.USB_EP0_OutStart  stm32f4xx_ll_usb.o
    0x08006198   0x08006198   0x0000008e   Code   RO         1612    i.USB_EPClearStall  stm32f4xx_ll_usb.o
    0x08006226   0x08006226   0x0000009a   Code   RO         1613    i.USB_EPSetStall    stm32f4xx_ll_usb.o
    0x080062c0   0x080062c0   0x000003c0   Code   RO         1614    i.USB_EPStartXfer   stm32f4xx_ll_usb.o
    0x08006680   0x08006680   0x000000ec   Code   RO         1615    i.USB_EPStopXfer    stm32f4xx_ll_usb.o
    0x0800676c   0x0800676c   0x0000000e   Code   RO         1616    i.USB_EnableGlobalInt  stm32f4xx_ll_usb.o
    0x0800677a   0x0800677a   0x00000050   Code   RO         1617    i.USB_FlushRxFifo   stm32f4xx_ll_usb.o
    0x080067ca   0x080067ca   0x00000054   Code   RO         1618    i.USB_FlushTxFifo   stm32f4xx_ll_usb.o
    0x0800681e   0x0800681e   0x00000026   Code   RO         1620    i.USB_GetDevSpeed   stm32f4xx_ll_usb.o
    0x08006844   0x08006844   0x0000000a   Code   RO         1622    i.USB_GetMode       stm32f4xx_ll_usb.o
    0x0800684e   0x0800684e   0x00000014   Code   RO         1630    i.USB_ReadDevAllInEpInterrupt  stm32f4xx_ll_usb.o
    0x08006862   0x08006862   0x00000014   Code   RO         1631    i.USB_ReadDevAllOutEpInterrupt  stm32f4xx_ll_usb.o
    0x08006876   0x08006876   0x00000032   Code   RO         1632    i.USB_ReadDevInEPInterrupt  stm32f4xx_ll_usb.o
    0x080068a8   0x080068a8   0x0000001a   Code   RO         1633    i.USB_ReadDevOutEPInterrupt  stm32f4xx_ll_usb.o
    0x080068c2   0x080068c2   0x0000000a   Code   RO         1634    i.USB_ReadInterrupts  stm32f4xx_ll_usb.o
    0x080068cc   0x080068cc   0x00000060   Code   RO         1635    i.USB_ReadPacket    stm32f4xx_ll_usb.o
    0x0800692c   0x0800692c   0x00000068   Code   RO         1637    i.USB_SetCurrentMode  stm32f4xx_ll_usb.o
    0x08006994   0x08006994   0x0000002a   Code   RO         1638    i.USB_SetDevAddress  stm32f4xx_ll_usb.o
    0x080069be   0x080069be   0x00000012   Code   RO         1639    i.USB_SetDevSpeed   stm32f4xx_ll_usb.o
    0x080069d0   0x080069d0   0x000000e8   Code   RO         1640    i.USB_SetTurnaroundTime  stm32f4xx_ll_usb.o
    0x08006ab8   0x08006ab8   0x00000044   Code   RO         1643    i.USB_WritePacket   stm32f4xx_ll_usb.o
    0x08006afc   0x08006afc   0x00000004   Code   RO          395    i.UsageFault_Handler  stm32f4xx_it.o
    0x08006b00   0x08006b00   0x00000010   Code   RO         2799    i.__NVIC_GetPriorityGrouping  stm32f4xx_hal_cortex.o
    0x08006b10   0x08006b10   0x00000028   Code   RO         2800    i.__NVIC_SetPriority  stm32f4xx_hal_cortex.o
    0x08006b38   0x08006b38   0x00000004   Code   RO         1089    i._sys_exit         system.o
    0x08006b3c   0x08006b3c   0x00000030   Code   RO         1073    i.auto_initcalls    module_auto_init.o
    0x08006b6c   0x08006b6c   0x00000008   Code   RO          587    i.bsp_key_init      key.o
    0x08006b74   0x08006b74   0x0000001c   Code   RO          639    i.bsp_lcd_init      spi_lcd.o
    0x08006b90   0x08006b90   0x00000008   Code   RO          538    i.bsp_led_init      led.o
    0x08006b98   0x08006b98   0x0000000a   Code   RO         1126    i.bsp_mem_init      malloc.o
    0x08006ba2   0x08006ba2   0x00000002   PAD
    0x08006ba4   0x08006ba4   0x00000018   Code   RO          767    i.bsp_tim_init      tim_it.o
    0x08006bbc   0x08006bbc   0x00000008   Code   RO          885    i.bsp_touch_init    touch.o
    0x08006bc4   0x08006bc4   0x000000ce   Code   RO          808    i.delay_us          touch_iic.o
    0x08006c92   0x08006c92   0x0000001c   Code   RO         1090    i.fputc             system.o
    0x08006cae   0x08006cae   0x00000006   Code   RO          944    i.get_tick_diff     led_fsm.o
    0x08006cb4   0x08006cb4   0x00000006   Code   RO         1016    i.get_tick_diff     key_fsm.o
    0x08006cba   0x08006cba   0x00000002   PAD
    0x08006cbc   0x08006cbc   0x000000a0   Code   RO          502    i.key_ClickHandler  key_control.o
    0x08006d5c   0x08006d5c   0x000000a0   Code   RO          503    i.key_LongHandler   key_control.o
    0x08006dfc   0x08006dfc   0x00000140   Code   RO           15    i.main              main.o
    0x08006f3c   0x08006f3c   0x0000002c   Code   RO         1019    i.mid_key_fsm_init  key_fsm.o
    0x08006f68   0x08006f68   0x00000024   Code   RO          945    i.mid_led_fsm_init  led_fsm.o
    0x08006f8c   0x08006f8c   0x0000002c   Code   RO         1128    i.my_mem_init       malloc.o
    0x08006fb8   0x08006fb8   0x00000040   Code   RO         1130    i.my_mem_perused    malloc.o
    0x08006ff8   0x08006ff8   0x00000014   Code   RO         1134    i.mymemset          malloc.o
    0x0800700c   0x0800700c   0x00000034   Code   RO          718    i.spi_find          spi_it.o
    0x08007040   0x08007040   0x0000000a   Code   RO         5533    x$fpl$fpinit        fz_wm.l(fpinit.o)
    0x0800704a   0x0800704a   0x00000002   PAD
    0x0800704c   0x0800704c   0x00000010   Data   RO           16    .constdata          main.o
    0x0800705c   0x0800705c   0x00000008   Data   RO          539    .constdata          led.o
    0x08007064   0x08007064   0x00000008   Data   RO          588    .constdata          key.o
    0x0800706c   0x0800706c   0x0000000a   Data   RO          887    .constdata          touch.o
    0x08007076   0x08007076   0x00000002   PAD
    0x08007078   0x08007078   0x00000014   Data   RO         1021    .constdata          key_fsm.o
    0x0800708c   0x0800708c   0x00000018   Data   RO         1139    .constdata          malloc.o
    0x080070a4   0x080070a4   0x00000008   Data   RO         2489    .constdata          stm32f4xx_hal_dma.o
    0x080070ac   0x080070ac   0x00000018   Data   RO         4502    .constdata          system_stm32f4xx.o
    0x080070c4   0x080070c4   0x0000000d   Data   RO          540    .conststrlit        led.o
    0x080070d1   0x080070d1   0x00000003   PAD
    0x080070d4   0x080070d4   0x0000000d   Data   RO          589    .conststrlit        key.o
    0x080070e1   0x080070e1   0x00000003   PAD
    0x080070e4   0x080070e4   0x0000000d   Data   RO          641    .conststrlit        spi_lcd.o
    0x080070f1   0x080070f1   0x00000003   PAD
    0x080070f4   0x080070f4   0x0000000d   Data   RO          768    .conststrlit        tim_it.o
    0x08007101   0x08007101   0x00000003   PAD
    0x08007104   0x08007104   0x0000000f   Data   RO          888    .conststrlit        touch.o
    0x08007113   0x08007113   0x00000001   PAD
    0x08007114   0x08007114   0x00000011   Data   RO          947    .conststrlit        led_fsm.o
    0x08007125   0x08007125   0x00000003   PAD
    0x08007128   0x08007128   0x00000011   Data   RO         1022    .conststrlit        key_fsm.o
    0x08007139   0x08007139   0x00000003   PAD
    0x0800713c   0x0800713c   0x0000000d   Data   RO         1140    .conststrlit        malloc.o
    0x08007149   0x08007149   0x00000003   PAD
    0x0800714c   0x0800714c   0x00000020   Data   RO         5587    Region$$Table       anon$$obj.o


    Execution Region INITCALL_REGION (Exec base: 0x0800716c, Load base: 0x0800716c, Size: 0x00000060, Max: 0xffffffff, ABSOLUTE)

    Exec Addr    Load Addr    Size         Type   Attr      Idx    E Section Name        Object

    0x0800716c   0x0800716c   0x0000000c   Data   RO          541    INITCALL            led.o
    0x08007178   0x08007178   0x0000000c   Data   RO          590    INITCALL            key.o
    0x08007184   0x08007184   0x0000000c   Data   RO          643    INITCALL            spi_lcd.o
    0x08007190   0x08007190   0x0000000c   Data   RO          769    INITCALL            tim_it.o
    0x0800719c   0x0800719c   0x0000000c   Data   RO          889    INITCALL            touch.o
    0x080071a8   0x080071a8   0x0000000c   Data   RO          948    INITCALL            led_fsm.o
    0x080071b4   0x080071b4   0x0000000c   Data   RO         1023    INITCALL            key_fsm.o
    0x080071c0   0x080071c0   0x0000000c   Data   RO         1142    INITCALL            malloc.o


    Execution Region RW_IRAM1 (Exec base: 0x20000000, Load base: 0x080071cc, Size: 0x000147c0, Max: 0x00020000, ABSOLUTE, COMPRESSED[0x000000d0])

    Exec Addr    Load Addr    Size         Type   Attr      Idx    E Section Name        Object

    0x20000000   COMPRESSED   0x00000004   Data   RW           17    .data               main.o
    0x20000004   COMPRESSED   0x0000000a   Data   RW          642    .data               spi_lcd.o
    0x2000000e   COMPRESSED   0x00000002   PAD
    0x20000010   COMPRESSED   0x00000009   Data   RW          719    .data               spi_it.o
    0x20000019   COMPRESSED   0x00000003   PAD
    0x2000001c   COMPRESSED   0x00000004   Data   RW         1091    .data               system.o
    0x20000020   COMPRESSED   0x0000001c   Data   RW         1141    .data               malloc.o
    0x2000003c   COMPRESSED   0x00000009   Data   RW         2963    .data               stm32f4xx_hal.o
    0x20000045   COMPRESSED   0x00000003   PAD
    0x20000048   COMPRESSED   0x00000004   Data   RW         4503    .data               system_stm32f4xx.o
    0x2000004c   COMPRESSED   0x0000001c   Data   RW         4578    .data               usbd_desc.o
    0x20000068   COMPRESSED   0x00000032   Data   RW         4579    .data               usbd_desc.o
    0x2000009a   COMPRESSED   0x00000002   PAD
    0x2000009c   COMPRESSED   0x00000014   Data   RW         4669    .data               usbd_cdc_if.o
    0x200000b0   COMPRESSED   0x00000001   Data   RW         5112    .data               usbd_ctlreq.o
    0x200000b1   COMPRESSED   0x00000003   PAD
    0x200000b4   COMPRESSED   0x00000053   Data   RW         5271    .data               usbd_cdc.o
    0x20000107   COMPRESSED   0x00000001   PAD
    0x20000108   COMPRESSED   0x00000038   Data   RW         5272    .data               usbd_cdc.o
    0x20000140        -       0x000000b8   Zero   RW          297    .bss                spi.o
    0x200001f8        -       0x00000048   Zero   RW          340    .bss                tim.o
    0x20000240        -       0x000012c0   Zero   RW          640    .bss                spi_lcd.o
    0x20001500        -       0x00000016   Zero   RW          886    .bss                touch.o
    0x20001516   COMPRESSED   0x00000002   PAD
    0x20001518        -       0x00000014   Zero   RW          946    .bss                led_fsm.o
    0x2000152c        -       0x00000020   Zero   RW         1020    .bss                key_fsm.o
    0x2000154c   COMPRESSED   0x00000034   PAD
    0x20001580        -       0x00011000   Zero   RW         1138    .bss                malloc.o
    0x20012580        -       0x000002dc   Zero   RW         4538    .bss                usb_device.o
    0x2001285c        -       0x00000200   Zero   RW         4577    .bss                usbd_desc.o
    0x20012a5c        -       0x00001000   Zero   RW         4667    .bss                usbd_cdc_if.o
    0x20013a5c        -       0x00000704   Zero   RW         4760    .bss                usbd_conf.o
    0x20014160        -       0x00000060   Zero   RW         5465    .bss                c_w.l(libspace.o)
    0x200141c0        -       0x00000200   Zero   RW            2    HEAP                startup_stm32f411xe.o
    0x200143c0        -       0x00000400   Zero   RW            1    STACK               startup_stm32f411xe.o



  Load Region LR$$.ARM.__AT_0xC0000000 (Base: 0xc0000000, Size: 0x00000000, Max: 0x00000400, ABSOLUTE)

    Execution Region ER$$.ARM.__AT_0xC0000000 (Exec base: 0xc0000000, Load base: 0xc0000000, Size: 0x00000400, Max: 0x00000400, ABSOLUTE, UNINIT)

    Exec Addr    Load Addr    Size         Type   Attr      Idx    E Section Name        Object

    0xc0000000        -       0x00000400   Zero   RW         1136    .ARM.__AT_0xC0000000  malloc.o



  Load Region LR$$.ARM.__AT_0xC0000400 (Base: 0xc0000400, Size: 0x00000000, Max: 0x00000040, ABSOLUTE)

    Execution Region ER$$.ARM.__AT_0xC0000400 (Exec base: 0xc0000400, Load base: 0xc0000400, Size: 0x00000040, Max: 0x00000040, ABSOLUTE, UNINIT)

    Exec Addr    Load Addr    Size         Type   Attr      Idx    E Section Name        Object

    0xc0000400        -       0x00000040   Zero   RW         1137    .ARM.__AT_0xC0000400  malloc.o


==============================================================================

Image component sizes


      Code (inc. data)   RO Data    RW Data    ZI Data      Debug   Object Name

        56          4          0          0          0        762   dma.o
       292         18          0          0          0       1043   gpio.o
       114          6         33          0          0       2814   key.o
       320        148          0          0          0       1165   key_control.o
       322         16         49          0         32       4346   key_fsm.o
       108          4         33          0          0       2796   led.o
       322          4         29          0         20       5346   led_fsm.o
       502         92         16          4          0     438336   main.o
       138         18         49         28      70720       3810   malloc.o
        48          8          0          0          0       1042   module_auto_init.o
       288         32          0          0        184       1762   spi.o
       170         18          0          9          0       3399   spi_it.o
      1636         62         25         10       4800       5896   spi_lcd.o
        64         26        408          0       1536        844   startup_stm32f411xe.o
       212         36          0          9          0       9253   stm32f4xx_hal.o
       312         22          0          0          0      34327   stm32f4xx_hal_cortex.o
      1264         16          8          0          0       6198   stm32f4xx_hal_dma.o
       484         32          0          0          0       2759   stm32f4xx_hal_gpio.o
        72          4          0          0          0        858   stm32f4xx_hal_msp.o
      3562         16          0          0          0      13776   stm32f4xx_hal_pcd.o
        90          0          0          0          0       2433   stm32f4xx_hal_pcd_ex.o
      1756         64          0          0          0       4466   stm32f4xx_hal_rcc.o
      1356         32          0          0          0       8172   stm32f4xx_hal_spi.o
      1670         72          0          0          0      12426   stm32f4xx_hal_tim.o
       156         22          0          0          0       1360   stm32f4xx_hal_tim_ex.o
        82         18          0          0          0       5706   stm32f4xx_it.o
      3908         84          0          0          0      22836   stm32f4xx_ll_usb.o
        32          0          0          4          0       2798   system.o
        20          6         24          4          0       1127   system_stm32f4xx.o
       300         16          0          0         72       2388   tim.o
        24          4         25          0          0        993   tim_it.o
       508         14         37          0         22       4630   touch.o
       862         48          0          0          0       6449   touch_iic.o
        84         18          0          0        732        812   usb_device.o
      1454         38          0        139          0      14681   usbd_cdc.o
       120         20          0         20       4096       4692   usbd_cdc_if.o
       650         28          0          0       1796      16816   usbd_conf.o
      1058          0          0          0          0      16337   usbd_core.o
      1934         28          0          1          0      18012   usbd_ctlreq.o
       362        110          0         78        512       6953   usbd_desc.o
       138          0          0          0          0       4528   usbd_ioreq.o

    ----------------------------------------------------------------------
     26888       1204        792        320      84576     699147   Object Totals
         0          0         32          0          0          0   (incl. Generated)
        38          0         24         14         54          0   (incl. Padding)

    ----------------------------------------------------------------------

      Code (inc. data)   RO Data    RW Data    ZI Data      Debug   Library Member Name

        90          0          0          0          0          0   __dczerorl2.o
         8          0          0          0          0         68   __main.o
       104          0          0          0          0         84   __printf.o
         0          0          0          0          0          0   __rtentry.o
        12          0          0          0          0          0   __rtentry2.o
         6          0          0          0          0          0   __rtentry4.o
        52          8          0          0          0          0   __scatter.o
        28          0          0          0          0          0   __scatter_zi.o
        44          0          0          0          0        108   _printf_char.o
        48          6          0          0          0         96   _printf_char_common.o
        36          4          0          0          0         80   _printf_char_file.o
         6          0          0          0          0          0   _printf_d.o
       120         16          0          0          0         92   _printf_dec.o
       178          0          0          0          0         88   _printf_intcommon.o
         0          0          0          0          0          0   _printf_percent.o
         4          0          0          0          0          0   _printf_percent_end.o
         6          0          0          0          0          0   _printf_s.o
        82          0          0          0          0         80   _printf_str.o
         6          0          0          0          0          0   _printf_u.o
        18          0          0          0          0         80   exit.o
         8          0          0          0          0         68   ferror.o
         6          0          0          0          0        152   heapauxi.o
         2          0          0          0          0          0   libinit.o
         6          0          0          0          0          0   libinit2.o
         2          0          0          0          0          0   libshutdown.o
         2          0          0          0          0          0   libshutdown2.o
         8          4          0          0         96         68   libspace.o
       238          0          0          0          0        100   lludivv7m.o
        24          4          0          0          0         84   noretval__2printf.o
        78          0          0          0          0         80   rt_memclr_w.o
       100          0          0          0          0         80   rt_memcpy_w.o
         2          0          0          0          0          0   rtexit.o
        10          0          0          0          0          0   rtexit2.o
        22          0          0          0          0         68   strrchr.o
        74          0          0          0          0         80   sys_stackheap_outer.o
         2          0          0          0          0         68   use_no_semi.o
         2          0          0          0          0         68   use_no_semi_2.o
        10          0          0          0          0        116   fpinit.o

    ----------------------------------------------------------------------
      1452         42          0          0         96       1808   Library Totals
         8          0          0          0          0          0   (incl. Padding)

    ----------------------------------------------------------------------

      Code (inc. data)   RO Data    RW Data    ZI Data      Debug   Library Name

      1434         42          0          0         96       1692   c_w.l
        10          0          0          0          0        116   fz_wm.l

    ----------------------------------------------------------------------
      1452         42          0          0         96       1808   Library Totals

    ----------------------------------------------------------------------

==============================================================================


      Code (inc. data)   RO Data    RW Data    ZI Data      Debug   

     28340       1246        792        320      84672     673023   Grand Totals
     28340       1246        792        208      84672     673023   ELF Image Totals (compressed)
     28340       1246        792        208          0          0   ROM Totals

==============================================================================

    Total RO  Size (Code + RO Data)                29132 (  28.45kB)
    Total RW  Size (RW Data + ZI Data)             84992 (  83.00kB)
    Total ROM Size (Code + RO Data + RW Data)      29340 (  28.65kB)

==============================================================================

